label: create
cwd: /var/folders/yr/k35qy9b93hv45grp2h7nj31h0000gn/T/fsd pinned lifecycle-NS9oD0
command: ["/usr/local/bin/node","/Users/ashraf/FSD-Platform/create-fsd-architecture/bin/index.mjs","nextjs","--framework","nextjs","--yes","--no-install","--no-start"]
exitCode: 0
signal: 
spawnError: 

stdout:

┌─────────────────────────────────────────────────────────────────────────────┐
│                                                                             │
│    ███████╗███████╗██████╗                                                  │
│    ██╔════╝██╔════╝██╔══██╗                                                 │
│    █████╗  ███████╗██║  ██║                                                 │
│    ██╔══╝  ╚════██║██║  ██║                                                 │
│    ██║     ███████║██████╔╝                                                 │
│    ╚═╝     ╚══════╝╚═════╝                                                  │
│                                                                             │
│           ◢◤◢◤◢◤  FEATURE-SLICED DESIGN ARCHITECTURE  ◢◤◢◤◢◤                │
│                                                                             │
│   app → pages → widgets → features → entities → shared                     │
│                                                                             │
│   Scalable • Maintainable • Enterprise Frontend Architecture                │
│                                                                             │
└─────────────────────────────────────────────────────────────────────────────┘

  Commitlint verification skipped until dependencies are installed.

  Project created successfully!

  Next steps:

    $ cd nextjs
    $ npm install
    $ npm run dev



stderr:
- Downloading template...
✔ Template downloaded at verified immutable commit.
- Configuring FSD stack, Git, and Husky...
✔ FSD stack, Git, and Husky configured.

