
> fsd-nextjs@0.1.0 ci
> npm run fsd:check && npm run lint && npm run typecheck && npm run build


> fsd-nextjs@0.1.0 fsd:check
> steiger ./src

✔ No problems found!

> fsd-nextjs@0.1.0 lint
> biome check

Checked 30 files in 53ms. No fixes applied.

> fsd-nextjs@0.1.0 typecheck
> next typegen && tsc --noEmit

Generating route types...
✓ Types generated successfully

> fsd-nextjs@0.1.0 build
> next build

▲ Next.js 16.3.8 (Turbopack)
✓ Running next.config.ts took 18ms

  Creating an optimized production build ...
✓ Compiled successfully in 1089ms
  Running TypeScript ...
  Finished TypeScript in 1110ms ...
  Collecting page data using 5 workers ...
  Generating static pages using 5 workers (0/4) ...
  Generating static pages using 5 workers (1/4) 
  Generating static pages using 5 workers (2/4) 
  Generating static pages using 5 workers (3/4) 
✓ Generating static pages using 5 workers (4/4) in 280ms
  Finalizing page optimization ...

Route (app)
┌ ○ /
└ ○ /_not-found


○  (Static)  prerendered as static content

