
> fsd-nuxt-starter@0.0.0 ci
> npm run fsd:check && npm run lint && npm run typecheck && npm run build


> fsd-nuxt-starter@0.0.0 fsd:check
> steiger ./app

✔ No problems found!

> fsd-nuxt-starter@0.0.0 lint
> eslint .


> fsd-nuxt-starter@0.0.0 typecheck
> nuxt typecheck

ℹ Using zod with vee-validate

> fsd-nuxt-starter@0.0.0 build
> nuxt build

┌  Building Nuxt for production...
│
●  Nuxt 4.5.2 (with Nitro 2.13.4, Vite 8.3.0 and Vue 3.5.43)
ℹ Using zod with vee-validate
│
●  Nitro preset: node-server
ℹ Building client...
ℹ vite v8.3.0 building client environment for production...
transforming...
✓ 274 modules transformed.
rendering chunks...
computing gzip size...
ℹ node_modules/.cache/nuxt/.nuxt/dist/client/manifest.json                   1.34 kB │ gzip:  0.33 kB
node_modules/.cache/nuxt/.nuxt/dist/client/_nuxt/error-500.Bwd7zAaE.css    1.90 kB │ gzip:  0.72 kB
node_modules/.cache/nuxt/.nuxt/dist/client/_nuxt/error-404.Bb87HomL.css    2.42 kB │ gzip:  0.85 kB
node_modules/.cache/nuxt/.nuxt/dist/client/_nuxt/entry.CPiB4Ot6.css       16.43 kB │ gzip:  4.11 kB
node_modules/.cache/nuxt/.nuxt/dist/client/_nuxt/COcVnQCZ.js               3.34 kB │ gzip:  1.50 kB
node_modules/.cache/nuxt/.nuxt/dist/client/_nuxt/PDnrzWo4.js               3.67 kB │ gzip:  1.65 kB
node_modules/.cache/nuxt/.nuxt/dist/client/_nuxt/DRF5oZxk.js               6.43 kB │ gzip:  2.67 kB
node_modules/.cache/nuxt/.nuxt/dist/client/_nuxt/BgIlyQMe.js             228.19 kB │ gzip: 81.52 kB

ℹ ✓ built in 1.97s
✔ Client built in 1981ms
ℹ Building server...
ℹ vite v8.3.0 building ssr environment for production...
transforming...
✓ 116 modules transformed.
rendering chunks...
ℹ node_modules/.cache/nuxt/.nuxt/dist/server/_nuxt/error-404-styles.CbLQIMfl.mjs        0.08 kB
node_modules/.cache/nuxt/.nuxt/dist/server/_nuxt/error-500-styles.CB5z51D_.mjs        0.08 kB
node_modules/.cache/nuxt/.nuxt/dist/server/styles.mjs                                 0.33 kB
node_modules/.cache/nuxt/.nuxt/dist/server/_nuxt/error-500-styles-1.mjs-DmnddYjN.js   2.30 kB │ map:   5.12 kB
node_modules/.cache/nuxt/.nuxt/dist/server/_nuxt/error-404-styles-1.mjs-C-j5XbVV.js   2.83 kB │ map:   5.77 kB
node_modules/.cache/nuxt/.nuxt/dist/server/_nuxt/error-500-BA-ElgYO.js                4.32 kB │ map:   5.45 kB
node_modules/.cache/nuxt/.nuxt/dist/server/_nuxt/error-404-zRu_VwMh.js                4.98 kB │ map:   6.25 kB
node_modules/.cache/nuxt/.nuxt/dist/server/_nuxt/routes-BMlTKNep.js                  14.07 kB │ map:  17.98 kB
node_modules/.cache/nuxt/.nuxt/dist/server/server.mjs                                71.94 kB │ map: 211.22 kB

ℹ ✓ built in 243ms
✔ Server built in 248ms
[nitro] ✔ Generated public .output/public
[nitro] ℹ Building Nuxt Nitro server (preset: node-server, compatibility date: 2025-07-15)
[nitro] ✔ Nuxt Nitro server built
  ├─ .output/server/chunks/_/error-500.mjs (5.05 kB) (2.07 kB gzip)
  ├─ .output/server/chunks/_/error-500.mjs.map (182 B) (154 B gzip)
  ├─ .output/server/chunks/build/error-404-styles.CbLQIMfl.mjs (2.88 kB) (1.07 kB gzip)
  ├─ .output/server/chunks/build/error-404-styles.CbLQIMfl.mjs.map (217 B) (168 B gzip)
  ├─ .output/server/chunks/build/error-404-zRu_VwMh.mjs (5.55 kB) (2.31 kB gzip)
  ├─ .output/server/chunks/build/error-404-zRu_VwMh.mjs.map (183 B) (162 B gzip)
  ├─ .output/server/chunks/build/error-500-BA-ElgYO.mjs (4.89 kB) (2.07 kB gzip)
  ├─ .output/server/chunks/build/error-500-BA-ElgYO.mjs.map (183 B) (162 B gzip)
  ├─ .output/server/chunks/build/error-500-styles.CB5z51D_.mjs (2.35 kB) (949 B gzip)
  ├─ .output/server/chunks/build/error-500-styles.CB5z51D_.mjs.map (217 B) (167 B gzip)
  ├─ .output/server/chunks/build/routes-BMlTKNep.mjs (14.6 kB) (3.81 kB gzip)
  ├─ .output/server/chunks/build/routes-BMlTKNep.mjs.map (4.37 kB) (1.17 kB gzip)
  ├─ .output/server/chunks/nitro/nitro.mjs (161 kB) (40 kB gzip)
  ├─ .output/server/chunks/nitro/nitro.mjs.map (3.1 kB) (761 B gzip)
  ├─ .output/server/chunks/routes/renderer.mjs (16.2 kB) (5.56 kB gzip)
  ├─ .output/server/chunks/routes/renderer.mjs.map (1.04 kB) (301 B gzip)
  ├─ .output/server/chunks/virtual/_virtual_spa-template.mjs (94 B) (100 B gzip)
  ├─ .output/server/chunks/virtual/_virtual_spa-template.mjs.map (88 B) (97 B gzip)
  ├─ .output/server/chunks/virtual/entry.mjs (81 kB) (21.6 kB gzip)
  ├─ .output/server/chunks/virtual/entry.mjs.map (4.81 kB) (1.26 kB gzip)
  ├─ .output/server/chunks/virtual/precomputed.mjs (3.5 kB) (629 B gzip)
  ├─ .output/server/chunks/virtual/precomputed.mjs.map (181 B) (150 B gzip)
  ├─ .output/server/chunks/virtual/styles.mjs (410 B) (247 B gzip)
  ├─ .output/server/chunks/virtual/styles.mjs.map (164 B) (142 B gzip)
  ├─ .output/server/index.mjs (353 B) (204 B gzip)
  └─ .output/server/package.json (976 B) (417 B gzip)
Σ Total size: 2.42 MB (632 kB gzip)
[nitro] ✔ You can preview this build using node .output/server/index.mjs
│
└  ✨ Build complete!
