
> fsd-sveltekit@0.0.0 ci
> npm run fsd:check && npm run lint && npm run typecheck && npm run build


> fsd-sveltekit@0.0.0 fsd:check
> steiger ./src

✔ No problems found!

> fsd-sveltekit@0.0.0 lint
> eslint .


> fsd-sveltekit@0.0.0 typecheck
> svelte-kit sync && svelte-check --tsconfig ./tsconfig.json

Loading svelte-check in workspace: /Users/ashraf/FSD-Platform/fsd-sveltekit
Getting Svelte diagnostics...

svelte-check found 0 errors and 0 warnings

> fsd-sveltekit@0.0.0 build
> vite build

vite v8.3.0 building ssr environment for production...
transforming...
✓ 184 modules transformed.
rendering chunks...
vite v8.3.0 building client environment for production...
transforming...
✓ 226 modules transformed.
rendering chunks...
computing gzip size...
.svelte-kit/output/client/_app/version.json                        0.02 kB │ gzip:  0.04 kB
.svelte-kit/output/client/.vite/manifest.json                      2.34 kB │ gzip:  0.50 kB
.svelte-kit/output/client/_app/immutable/assets/0.BFJ0katE.css    16.70 kB │ gzip:  4.11 kB
.svelte-kit/output/client/_app/immutable/chunks/xihTtKlq.js        0.06 kB │ gzip:  0.08 kB
.svelte-kit/output/client/_app/immutable/entry/start.ChdSWbao.js   0.07 kB │ gzip:  0.08 kB
.svelte-kit/output/client/_app/immutable/nodes/1.C31P803L.js       0.57 kB │ gzip:  0.32 kB
.svelte-kit/output/client/_app/immutable/chunks/Bjy-W4x2.js        1.36 kB │ gzip:  0.65 kB
.svelte-kit/output/client/_app/immutable/entry/app.B9joxQhH.js     3.98 kB │ gzip:  1.86 kB
.svelte-kit/output/client/_app/immutable/nodes/2.2R4uB7y1.js       6.59 kB │ gzip:  2.80 kB
.svelte-kit/output/client/_app/immutable/nodes/0.BE9gdi_U.js      25.22 kB │ gzip:  7.57 kB
.svelte-kit/output/client/_app/immutable/chunks/C8q1qqbE.js       26.64 kB │ gzip: 10.29 kB
.svelte-kit/output/client/_app/immutable/chunks/CM-2kbjP.js       41.08 kB │ gzip: 15.76 kB

✓ built in 553ms
computing gzip size...
.svelte-kit/output/server/.vite/manifest.json                           2.93 kB │ gzip:  0.54 kB
.svelte-kit/output/server/_app/immutable/assets/_layout.CW_fbWIG.css   16.63 kB │ gzip:  4.11 kB
.svelte-kit/output/server/env.js                                        0.22 kB │ gzip:  0.14 kB
.svelte-kit/output/server/chunks/env.js                                 0.28 kB │ gzip:  0.17 kB
.svelte-kit/output/server/internal.js                                   0.40 kB │ gzip:  0.19 kB
.svelte-kit/output/server/chunks/internal.js                            0.74 kB │ gzip:  0.34 kB
.svelte-kit/output/server/entries/fallbacks/error.svelte.js             4.21 kB │ gzip:  1.66 kB
.svelte-kit/output/server/chunks/index-server.js                        5.60 kB │ gzip:  2.05 kB
.svelte-kit/output/server/entries/pages/_page.svelte.js                 8.25 kB │ gzip:  2.75 kB
.svelte-kit/output/server/chunks/shared.js                             10.57 kB │ gzip:  3.38 kB
.svelte-kit/output/server/chunks/exports.js                            11.25 kB │ gzip:  3.63 kB
.svelte-kit/output/server/entries/pages/_layout.svelte.js              17.85 kB │ gzip:  4.88 kB
.svelte-kit/output/server/chunks/utils.js                              31.76 kB │ gzip:  9.35 kB
.svelte-kit/output/server/chunks/internal2.js                          35.36 kB │ gzip: 10.09 kB
.svelte-kit/output/server/remote-entry.js                              54.49 kB │ gzip: 12.02 kB
.svelte-kit/output/server/chunks/server.js                            118.23 kB │ gzip: 31.04 kB
.svelte-kit/output/server/index.js                                    126.01 kB │ gzip: 31.92 kB

✓ built in 3.01s

Run npm run preview to preview your production build locally.

> Using @sveltejs/adapter-auto
  Could not detect a supported production environment. See https://svelte.dev/docs/kit/adapters to learn how to configure your app to run on the platform of your choosing
  ✔ done
