
> fsd-sveltekit@0.0.0 audit
> node scripts/audit-production.mjs

{
  "auditReportVersion": 2,
  "vulnerabilities": {
    "@sveltejs/kit": {
      "name": "@sveltejs/kit",
      "severity": "low",
      "isDirect": true,
      "via": [
        "cookie"
      ],
      "effects": [
        "sveltekit-superforms"
      ],
      "range": "1.0.0-next.0 - 2.70.3",
      "nodes": [
        "node_modules/@sveltejs/kit"
      ],
      "fixAvailable": {
        "name": "@sveltejs/kit",
        "version": "3.0.1",
        "isSemVerMajor": true
      }
    },
    "cookie": {
      "name": "cookie",
      "severity": "low",
      "isDirect": false,
      "via": [
        {
          "source": 1103907,
          "name": "cookie",
          "dependency": "cookie",
          "title": "cookie accepts cookie name, path, and domain with out of bounds characters",
          "url": "https://github.com/advisories/GHSA-pxg6-pf52-xh8x",
          "severity": "low",
          "cwe": [
            "CWE-74"
          ],
          "cvss": {
            "score": 0,
            "vectorString": null
          },
          "range": "<0.7.0"
        }
      ],
      "effects": [
        "@sveltejs/kit"
      ],
      "range": "<0.7.0",
      "nodes": [
        "node_modules/cookie"
      ],
      "fixAvailable": {
        "name": "@sveltejs/kit",
        "version": "3.0.1",
        "isSemVerMajor": true
      }
    },
    "sveltekit-superforms": {
      "name": "sveltekit-superforms",
      "severity": "low",
      "isDirect": true,
      "via": [
        "@sveltejs/kit"
      ],
      "effects": [],
      "range": "<=2.31.0",
      "nodes": [
        "node_modules/sveltekit-superforms"
      ],
      "fixAvailable": {
        "name": "sveltekit-superforms",
        "version": "3.0.0",
        "isSemVerMajor": true
      }
    }
  },
  "metadata": {
    "vulnerabilities": {
      "info": 0,
      "low": 3,
      "moderate": 0,
      "high": 0,
      "critical": 0,
      "total": 3
    },
    "dependencies": {
      "prod": 58,
      "dev": 272,
      "optional": 97,
      "peer": 3,
      "peerOptional": 0,
      "total": 398
    }
  }
}
Production audit passed; accepted packages: cookie
