
> fsd-nextjs@0.1.0 ci
> npm run fsd:check && npm run lint && npm run typecheck && npm run build


> fsd-nextjs@0.1.0 fsd:check
> steiger ./src


> fsd-nextjs@0.1.0 lint
> biome check

Checked 74 files in 24ms. No fixes applied.

> fsd-nextjs@0.1.0 typecheck
> next typegen && tsc --noEmit

Generating route types...
✓ Types generated successfully

> fsd-nextjs@0.1.0 build
> next build

▲ Next.js 16.3.8 (Turbopack)
✓ Running next.config.ts took 16ms
⚠ No build cache found. Please configure build caching for faster rebuilds. Read more: https://nextjs.org/docs/messages/no-cache
Attention: Next.js now collects completely anonymous telemetry regarding usage.
This information is used to shape Next.js' roadmap and prioritize features.
You can learn more, including how to opt-out if you'd not like to participate in this anonymous program, by visiting the following URL:
https://nextjs.org/telemetry


  Creating an optimized production build ...
✓ Compiled successfully in 13.1s
  Running TypeScript ...
  Finished TypeScript in 1390ms ...
  Collecting page data using 6 workers ...
  Generating static pages using 6 workers (0/5) ...
  Generating static pages using 6 workers (1/5) 
  Generating static pages using 6 workers (2/5) 
  Generating static pages using 6 workers (3/5) 
✓ Generating static pages using 6 workers (5/5) in 258ms
  Finalizing page optimization ...

Route (app)
┌ ○ /
├ ○ /_not-found
└ ○ /account


○  (Static)  prerendered as static content

