
> fsd-nuxt-starter@0.0.0 fsd:check
> steiger ./app


> fsd-nuxt-starter@0.0.0 lint
> eslint .


> fsd-nuxt-starter@0.0.0 typecheck
> nuxt typecheck

[info] Using zod with vee-validate

> fsd-nuxt-starter@0.0.0 build
> nuxt build

Building Nuxt for production...
● Loading Nuxt config
● Nuxt 4.6.0 (with Nitro 2.13.4, Vite 8.3.4 and Vue 3.5.43)
● Setting up modules
[info] Using zod with vee-validate
● Preparing app
● Nitro preset: node-server
● Generating types
● Bundling client
[info] Building client...
[info] vite v8.3.4 building client environment for production...
transforming...
✓ 288 modules transformed.
rendering chunks...
computing gzip size...
[info] node_modules/.cache/nuxt/.nuxt/dist/client/manifest.json                   1.59 kB │ gzip:  0.36 kB
node_modules/.cache/nuxt/.nuxt/dist/client/_nuxt/error-500.CEwFk2A9.css    1.95 kB │ gzip:  0.72 kB
node_modules/.cache/nuxt/.nuxt/dist/client/_nuxt/error-404.BETgXr9R.css    2.70 kB │ gzip:  0.92 kB
node_modules/.cache/nuxt/.nuxt/dist/client/_nuxt/entry.BZXZ4ra5.css       16.55 kB │ gzip:  4.13 kB
node_modules/.cache/nuxt/.nuxt/dist/client/_nuxt/a8pu39ov.js               0.29 kB │ gzip:  0.21 kB
node_modules/.cache/nuxt/.nuxt/dist/client/_nuxt/CISzkLxS.js               2.67 kB │ gzip:  1.16 kB
node_modules/.cache/nuxt/.nuxt/dist/client/_nuxt/D5Bfbx2_.js               4.05 kB │ gzip:  1.71 kB
node_modules/.cache/nuxt/.nuxt/dist/client/_nuxt/Cqyo_D-U.js               6.43 kB │ gzip:  2.67 kB
node_modules/.cache/nuxt/.nuxt/dist/client/_nuxt/B-ctMKv9.js             219.43 kB │ gzip: 78.83 kB

[info] ✓ built in 693ms
[success] Client built in 704ms
● Bundling server
[info] Building server...
[info] vite v8.3.4 building ssr environment for production...
transforming...
✓ 135 modules transformed.
rendering chunks...
[info] node_modules/.cache/nuxt/.nuxt/dist/server/_nuxt/error-404-styles.BmULaMne.mjs        0.08 kB
node_modules/.cache/nuxt/.nuxt/dist/server/_nuxt/error-500-styles.C1VqXhal.mjs        0.08 kB
node_modules/.cache/nuxt/.nuxt/dist/server/styles.mjs                                 0.33 kB
node_modules/.cache/nuxt/.nuxt/dist/server/_nuxt/account-D1yl6bZG.js                  2.07 kB │ map:   1.24 kB
node_modules/.cache/nuxt/.nuxt/dist/server/_nuxt/error-500-styles-1.mjs-Ce8kQqCD.js   2.34 kB │ map:   4.42 kB
node_modules/.cache/nuxt/.nuxt/dist/server/_nuxt/error-404-styles-1.mjs-Bpweebi3.js   3.09 kB │ map:   6.27 kB
node_modules/.cache/nuxt/.nuxt/dist/server/_nuxt/error-500-ulofG1-Y.js                3.64 kB │ map:   4.80 kB
node_modules/.cache/nuxt/.nuxt/dist/server/_nuxt/error-404-BpvZ89IA.js                5.39 kB │ map:   7.00 kB
node_modules/.cache/nuxt/.nuxt/dist/server/_nuxt/routes-Cy61Is8Z.js                  14.07 kB │ map:  18.93 kB
node_modules/.cache/nuxt/.nuxt/dist/server/server.mjs                                64.06 kB │ map: 235.56 kB

[info] ✓ built in 265ms
[success] Server built in 271ms
● Building Nitro server
[success] [nitro] Generated public .output/public
[info] [nitro] Building Nuxt Nitro server (preset: `node-server`, compatibility date: `2025-07-15`)
[success] [nitro] Nuxt Nitro server built
  ├─ .output/server/chunks/_/error-template.mjs (4.38 kB) (1.71 kB gzip)
  ├─ .output/server/chunks/_/error-template.mjs.map (183 B) (151 B gzip)
  ├─ .output/server/chunks/build/account-D1yl6bZG.mjs (2.06 kB) (633 B gzip)
  ├─ .output/server/chunks/build/account-D1yl6bZG.mjs.map (308 B) (186 B gzip)
  ├─ .output/server/chunks/build/error-404-BpvZ89IA.mjs (5.88 kB) (2.33 kB gzip)
  ├─ .output/server/chunks/build/error-404-BpvZ89IA.mjs.map (272 B) (221 B gzip)
  ├─ .output/server/chunks/build/error-404-styles.BmULaMne.mjs (3.14 kB) (1.14 kB gzip)
  ├─ .output/server/chunks/build/error-404-styles.BmULaMne.mjs.map (217 B) (166 B gzip)
  ├─ .output/server/chunks/build/error-500-styles.C1VqXhal.mjs (2.39 kB) (944 B gzip)
  ├─ .output/server/chunks/build/error-500-styles.C1VqXhal.mjs.map (217 B) (167 B gzip)
  ├─ .output/server/chunks/build/error-500-ulofG1-Y.mjs (4.14 kB) (1.69 kB gzip)
  ├─ .output/server/chunks/build/error-500-ulofG1-Y.mjs.map (223 B) (185 B gzip)
  ├─ .output/server/chunks/build/routes-Cy61Is8Z.mjs (14.5 kB) (3.78 kB gzip)
  ├─ .output/server/chunks/build/routes-Cy61Is8Z.mjs.map (4.66 kB) (1.33 kB gzip)
  ├─ .output/server/chunks/nitro/nitro.mjs (172 kB) (43.5 kB gzip)
  ├─ .output/server/chunks/nitro/nitro.mjs.map (3.44 kB) (832 B gzip)
  ├─ .output/server/chunks/routes/renderer.mjs (22.7 kB) (7.66 kB gzip)
  ├─ .output/server/chunks/routes/renderer.mjs.map (1.25 kB) (293 B gzip)
  ├─ .output/server/chunks/virtual/entry.mjs (67.9 kB) (18.3 kB gzip)
  ├─ .output/server/chunks/virtual/entry.mjs.map (4.73 kB) (1.31 kB gzip)
  ├─ .output/server/chunks/virtual/precomputed.mjs (4.21 kB) (718 B gzip)
  ├─ .output/server/chunks/virtual/precomputed.mjs.map (181 B) (150 B gzip)
  ├─ .output/server/chunks/virtual/styles.mjs (617 B) (304 B gzip)
  ├─ .output/server/chunks/virtual/styles.mjs.map (164 B) (142 B gzip)
  ├─ .output/server/index.mjs (440 B) (234 B gzip)
  └─ .output/server/package.json (975 B) (415 B gzip)
Σ Total size: 2.42 MB (636 kB gzip)
[success] [nitro] You can preview this build using `node .output/server/index.mjs`
config 141ms · modules 129ms · app 276ms · types 173ms · client 1.00s · server 272ms · nitro 1.55s
◆ ✨ Build complete in 3.55s!
