
> fsd-nuxt-starter@0.0.0 ci /Users/ashraf/FSD-Platform/qa-reports/task7-2026-10-10-matrix/nuxt-pnpm
> npm run fsd:check && npm run lint && npm run typecheck && npm run build


> fsd-nuxt-starter@0.0.0 fsd:check
> steiger ./app


> fsd-nuxt-starter@0.0.0 lint
> eslint .


> fsd-nuxt-starter@0.0.0 typecheck
> nuxt typecheck

[info] Using zod with vee-validate

> fsd-nuxt-starter@0.0.0 build
> nuxt build

Building Nuxt for production...
● Loading Nuxt config
● Nuxt 4.6.1 (with Nitro 2.13.4, Vite 8.3.4 and Vue 3.5.43)
● Setting up modules
[info] Using zod with vee-validate
● Preparing app
● Nitro preset: node-server
● Generating types
● Bundling client
[info] Building client...
[info] vite v8.3.4 building client environment for production...
transforming...
✓ 289 modules transformed.
rendering chunks...
computing gzip size...
[info] node_modules/.cache/nuxt/.nuxt/dist/client/manifest.json                   3.27 kB │ gzip:  0.45 kB
node_modules/.cache/nuxt/.nuxt/dist/client/_nuxt/error-500.tl_XtfkM.css    1.95 kB │ gzip:  0.72 kB
node_modules/.cache/nuxt/.nuxt/dist/client/_nuxt/error-404.CkeEHuYv.css    2.70 kB │ gzip:  0.92 kB
node_modules/.cache/nuxt/.nuxt/dist/client/_nuxt/entry.BZXZ4ra5.css       16.55 kB │ gzip:  4.13 kB
node_modules/.cache/nuxt/.nuxt/dist/client/_nuxt/a8pu39ov.js               0.29 kB │ gzip:  0.21 kB
node_modules/.cache/nuxt/.nuxt/dist/client/_nuxt/7woHQZ9v.js               2.65 kB │ gzip:  1.16 kB
node_modules/.cache/nuxt/.nuxt/dist/client/_nuxt/CiRS6xr-.js               4.00 kB │ gzip:  1.70 kB
node_modules/.cache/nuxt/.nuxt/dist/client/_nuxt/gM_ZgNpI.js               6.43 kB │ gzip:  2.67 kB
node_modules/.cache/nuxt/.nuxt/dist/client/_nuxt/DsUF46tp.js             219.48 kB │ gzip: 78.86 kB

[info] ✓ built in 1.07s
[success] Client built in 1083ms
● Bundling server
[info] Building server...
[info] vite v8.3.4 building ssr environment for production...
transforming...
✓ 197 modules transformed.
rendering chunks...
[info] node_modules/.cache/nuxt/.nuxt/dist/server/_nuxt/error-404-styles.B8BI2v3u.mjs         0.08 kB
node_modules/.cache/nuxt/.nuxt/dist/server/_nuxt/error-500-styles.C_1rWBNc.mjs         0.08 kB
node_modules/.cache/nuxt/.nuxt/dist/server/styles.mjs                                  0.61 kB
node_modules/.cache/nuxt/.nuxt/dist/server/_nuxt/account-D1yl6bZG.js                   2.07 kB │ map:   1.24 kB
node_modules/.cache/nuxt/.nuxt/dist/server/_nuxt/error-500-styles-1.mjs-Cay2b8gY.js    2.48 kB │ map:   4.56 kB
node_modules/.cache/nuxt/.nuxt/dist/server/_nuxt/error-404-styles-1.mjs-C81HUKIX.js    3.23 kB │ map:   6.38 kB
node_modules/.cache/nuxt/.nuxt/dist/server/_nuxt/error-500-y9rHT8_z.js                 3.90 kB │ map:   4.94 kB
node_modules/.cache/nuxt/.nuxt/dist/server/_nuxt/error-404-BpZDqFrX.js                 5.62 kB │ map:   7.11 kB
node_modules/.cache/nuxt/.nuxt/dist/server/_nuxt/multipart-parser-9-I7egMP.js          6.28 kB │ map:  10.58 kB
node_modules/.cache/nuxt/.nuxt/dist/server/_nuxt/routes-DVmbEgXk.js                   14.07 kB │ map:  18.93 kB
node_modules/.cache/nuxt/.nuxt/dist/server/server.mjs                                243.81 kB │ map: 675.13 kB

[info] ✓ built in 231ms
[success] Server built in 235ms
● Building Nitro server
[success] [nitro] Generated public .output/public
[info] [nitro] Building Nuxt Nitro server (preset: `node-server`, compatibility date: `2025-07-15`)
[success] [nitro] Nuxt Nitro server built
  ├─ .output/server/chunks/_/error-template.mjs (4.36 kB) (1.7 kB gzip)
  ├─ .output/server/chunks/_/error-template.mjs.map (323 B) (233 B gzip)
  ├─ .output/server/chunks/build/account-D1yl6bZG.mjs (2.06 kB) (633 B gzip)
  ├─ .output/server/chunks/build/account-D1yl6bZG.mjs.map (308 B) (186 B gzip)
  ├─ .output/server/chunks/build/error-404-BpZDqFrX.mjs (6.16 kB) (2.4 kB gzip)
  ├─ .output/server/chunks/build/error-404-BpZDqFrX.mjs.map (412 B) (302 B gzip)
  ├─ .output/server/chunks/build/error-404-styles.B8BI2v3u.mjs (3.28 kB) (1.21 kB gzip)
  ├─ .output/server/chunks/build/error-404-styles.B8BI2v3u.mjs.map (217 B) (168 B gzip)
  ├─ .output/server/chunks/build/error-500-styles.C_1rWBNc.mjs (2.53 kB) (1.02 kB gzip)
  ├─ .output/server/chunks/build/error-500-styles.C_1rWBNc.mjs.map (217 B) (167 B gzip)
  ├─ .output/server/chunks/build/error-500-y9rHT8_z.mjs (4.45 kB) (1.77 kB gzip)
  ├─ .output/server/chunks/build/error-500-y9rHT8_z.mjs.map (363 B) (267 B gzip)
  ├─ .output/server/chunks/build/multipart-parser-9-I7egMP.mjs (6.89 kB) (2.52 kB gzip)
  ├─ .output/server/chunks/build/multipart-parser-9-I7egMP.mjs.map (243 B) (185 B gzip)
  ├─ .output/server/chunks/build/routes-DVmbEgXk.mjs (14.6 kB) (3.78 kB gzip)
  ├─ .output/server/chunks/build/routes-DVmbEgXk.mjs.map (4.66 kB) (1.32 kB gzip)
  ├─ .output/server/chunks/nitro/nitro.mjs (170 kB) (43.2 kB gzip)
  ├─ .output/server/chunks/nitro/nitro.mjs.map (7.37 kB) (1.19 kB gzip)
  ├─ .output/server/chunks/routes/renderer.mjs (22.7 kB) (7.66 kB gzip)
  ├─ .output/server/chunks/routes/renderer.mjs.map (3.1 kB) (410 B gzip)
  ├─ .output/server/chunks/virtual/entry.mjs (244 kB) (61 kB gzip)
  ├─ .output/server/chunks/virtual/entry.mjs.map (12 kB) (2.05 kB gzip)
  ├─ .output/server/chunks/virtual/precomputed.mjs (7.57 kB) (814 B gzip)
  ├─ .output/server/chunks/virtual/precomputed.mjs.map (181 B) (150 B gzip)
  ├─ .output/server/chunks/virtual/styles.mjs (1.18 kB) (386 B gzip)
  ├─ .output/server/chunks/virtual/styles.mjs.map (164 B) (142 B gzip)
  ├─ .output/server/index.mjs (440 B) (234 B gzip)
  └─ .output/server/package.json (918 B) (393 B gzip)
Σ Total size: 2.6 MB (676 kB gzip)
[success] [nitro] You can preview this build using `node .output/server/index.mjs`
config 184ms · modules 160ms · app 334ms · types 373ms · client 1.58s · server 236ms · nitro 1.69s
◆ ✨ Build complete in 4.56s!
