[info] Using zod with vee-validate
Building Nuxt for production...
● Loading Nuxt config
● Nuxt 4.6.1 (with Nitro 2.13.4, Vite 8.3.4 and Vue 3.5.43)
● Setting up modules
[info] Using zod with vee-validate
● Preparing app
● Nitro preset: node-server
● Generating types
● Bundling client
[info] Building client...
[info] vite v8.3.4 building client environment for production...
transforming...
✓ 290 modules transformed.
rendering chunks...
computing gzip size...
[info] node_modules/.cache/nuxt/.nuxt/dist/client/manifest.json                   1.59 kB │ gzip:  0.36 kB
node_modules/.cache/nuxt/.nuxt/dist/client/_nuxt/error-500.CmR4p1fc.css    1.95 kB │ gzip:  0.72 kB
node_modules/.cache/nuxt/.nuxt/dist/client/_nuxt/error-404.DpKY_dMl.css    2.70 kB │ gzip:  0.92 kB
node_modules/.cache/nuxt/.nuxt/dist/client/_nuxt/entry.BZXZ4ra5.css       16.55 kB │ gzip:  4.13 kB
node_modules/.cache/nuxt/.nuxt/dist/client/_nuxt/a8pu39ov.js               0.29 kB │ gzip:  0.21 kB
node_modules/.cache/nuxt/.nuxt/dist/client/_nuxt/DeSf2rzo.js               2.65 kB │ gzip:  1.15 kB
node_modules/.cache/nuxt/.nuxt/dist/client/_nuxt/BgqV2xm9.js               4.00 kB │ gzip:  1.70 kB
node_modules/.cache/nuxt/.nuxt/dist/client/_nuxt/dS4ap_pf.js               6.43 kB │ gzip:  2.68 kB
node_modules/.cache/nuxt/.nuxt/dist/client/_nuxt/kHlGeyT9.js             219.48 kB │ gzip: 78.86 kB

[info] ✓ built in 721ms
[success] Client built in 733ms
● Bundling server
[info] Building server...
[info] vite v8.3.4 building ssr environment for production...
transforming...
✓ 135 modules transformed.
rendering chunks...
[info] node_modules/.cache/nuxt/.nuxt/dist/server/_nuxt/error-404-styles.CHxEGj4-.mjs        0.08 kB
node_modules/.cache/nuxt/.nuxt/dist/server/_nuxt/error-500-styles.DJa0zt3_.mjs        0.08 kB
node_modules/.cache/nuxt/.nuxt/dist/server/styles.mjs                                 0.33 kB
node_modules/.cache/nuxt/.nuxt/dist/server/_nuxt/account-D1yl6bZG.js                  2.07 kB │ map:   1.24 kB
node_modules/.cache/nuxt/.nuxt/dist/server/_nuxt/error-500-styles-1.mjs-DYZXaKE8.js   2.34 kB │ map:   4.40 kB
node_modules/.cache/nuxt/.nuxt/dist/server/_nuxt/error-404-styles-1.mjs-CCOADo3_.js   3.09 kB │ map:   6.22 kB
node_modules/.cache/nuxt/.nuxt/dist/server/_nuxt/error-500-CoDZ3NO0.js                3.62 kB │ map:   4.78 kB
node_modules/.cache/nuxt/.nuxt/dist/server/_nuxt/error-404-Ds1dDqtj.js                5.34 kB │ map:   6.95 kB
node_modules/.cache/nuxt/.nuxt/dist/server/_nuxt/routes-C1z9II0D.js                  14.07 kB │ map:  18.94 kB
node_modules/.cache/nuxt/.nuxt/dist/server/server.mjs                                60.59 kB │ map: 229.09 kB

[info] ✓ built in 259ms
[success] Server built in 264ms
● Building Nitro server
[success] [nitro] Generated public .output/public
[info] [nitro] Building Nuxt Nitro server (preset: `node-server`, compatibility date: `2025-07-15`)
[success] [nitro] Nuxt Nitro server built
  ├─ .output/server/chunks/_/error-template.mjs (4.36 kB) (1.7 kB gzip)
  ├─ .output/server/chunks/_/error-template.mjs.map (183 B) (151 B gzip)
  ├─ .output/server/chunks/build/account-D1yl6bZG.mjs (2.06 kB) (633 B gzip)
  ├─ .output/server/chunks/build/account-D1yl6bZG.mjs.map (308 B) (186 B gzip)
  ├─ .output/server/chunks/build/error-404-Ds1dDqtj.mjs (5.84 kB) (2.32 kB gzip)
  ├─ .output/server/chunks/build/error-404-Ds1dDqtj.mjs.map (272 B) (219 B gzip)
  ├─ .output/server/chunks/build/error-404-styles.CHxEGj4-.mjs (3.14 kB) (1.14 kB gzip)
  ├─ .output/server/chunks/build/error-404-styles.CHxEGj4-.mjs.map (217 B) (168 B gzip)
  ├─ .output/server/chunks/build/error-500-CoDZ3NO0.mjs (4.12 kB) (1.69 kB gzip)
  ├─ .output/server/chunks/build/error-500-CoDZ3NO0.mjs.map (223 B) (186 B gzip)
  ├─ .output/server/chunks/build/error-500-styles.DJa0zt3_.mjs (2.39 kB) (942 B gzip)
  ├─ .output/server/chunks/build/error-500-styles.DJa0zt3_.mjs.map (217 B) (166 B gzip)
  ├─ .output/server/chunks/build/routes-C1z9II0D.mjs (14.5 kB) (3.78 kB gzip)
  ├─ .output/server/chunks/build/routes-C1z9II0D.mjs.map (4.66 kB) (1.32 kB gzip)
  ├─ .output/server/chunks/nitro/nitro.mjs (172 kB) (43.5 kB gzip)
  ├─ .output/server/chunks/nitro/nitro.mjs.map (3.44 kB) (832 B gzip)
  ├─ .output/server/chunks/routes/renderer.mjs (22.7 kB) (7.66 kB gzip)
  ├─ .output/server/chunks/routes/renderer.mjs.map (1.25 kB) (293 B gzip)
  ├─ .output/server/chunks/virtual/entry.mjs (67.9 kB) (18.2 kB gzip)
  ├─ .output/server/chunks/virtual/entry.mjs.map (4.75 kB) (1.31 kB gzip)
  ├─ .output/server/chunks/virtual/precomputed.mjs (4.21 kB) (714 B gzip)
  ├─ .output/server/chunks/virtual/precomputed.mjs.map (181 B) (150 B gzip)
  ├─ .output/server/chunks/virtual/styles.mjs (617 B) (302 B gzip)
  ├─ .output/server/chunks/virtual/styles.mjs.map (164 B) (142 B gzip)
  ├─ .output/server/index.mjs (440 B) (234 B gzip)
  └─ .output/server/package.json (975 B) (416 B gzip)
Σ Total size: 2.41 MB (632 kB gzip)
[success] [nitro] You can preview this build using `node .output/server/index.mjs`
config 138ms · modules 130ms · app 255ms · types 406ms · client 1.17s · server 265ms · nitro 1.39s
◆ ✨ Build complete in 3.76s!
