
┌─────────────────────────────────────────────────────────────────────────────┐
│                                                                             │
│    ███████╗███████╗██████╗                                                  │
│    ██╔════╝██╔════╝██╔══██╗                                                 │
│    █████╗  ███████╗██║  ██║                                                 │
│    ██╔══╝  ╚════██║██║  ██║                                                 │
│    ██║     ███████║██████╔╝                                                 │
│    ╚═╝     ╚══════╝╚═════╝                                                  │
│                                                                             │
│           ◢◤◢◤◢◤  FEATURE-SLICED DESIGN ARCHITECTURE  ◢◤◢◤◢◤                │
│                                                                             │
│   app → pages → widgets → features → entities → shared                     │
│                                                                             │
│   Scalable • Maintainable • Enterprise Frontend Architecture                │
│                                                                             │
└─────────────────────────────────────────────────────────────────────────────┘


  Project created successfully!

  Next steps:

    $ cd sveltekit-yarn
    $ yarn dev

