
  Slice generated successfully!

  Created files:
    - src/features/auth/model/auth.types.ts
    - src/features/auth/api/login.api.ts
    - src/features/auth/api/register.api.ts
    - src/features/auth/api/forgot-password.api.ts
    - src/features/auth/api/reset-password.api.ts
    - src/features/auth/api/verify-code.api.ts
    - src/features/auth/api/auth.query.ts
    - src/features/auth/lib/auth.keys.ts
    - src/features/auth/model/auth.store.ts
    - src/features/auth/model/login.schema.ts
    - src/features/auth/model/register.schema.ts
    - src/features/auth/model/forgot-password.schema.ts
    - src/features/auth/model/reset-password.schema.ts
    - src/features/auth/model/verify-code.schema.ts
    - src/features/auth/ui/LoginForm.vue
    - src/features/auth/ui/RegisterForm.vue
    - src/features/auth/ui/ForgotPasswordForm.vue
    - src/features/auth/ui/ResetPasswordForm.vue
    - src/features/auth/ui/VerifyCodeForm.vue
    - src/features/auth/index.ts

