2026-10-07T20:33:52.4382620Z Current runner version: '2.337.0'
2026-10-07T20:33:52.4400830Z ##[group]Runner Image Provisioner
2026-10-07T20:33:52.4401390Z Hosted Compute Agent
2026-10-07T20:33:52.4401770Z Version: 20260828.587
2026-10-07T20:33:52.4402190Z Commit: abac92662cab4cc7352de4f9f9d2e2419aad9c29
2026-10-07T20:33:52.4402670Z Build Date: 2026-08-28T16:44:25Z
2026-10-07T20:33:52.4403110Z Worker ID: {1bbb6bf8-b2a7-4781-9584-49b3be13a909}
2026-10-07T20:33:52.4403570Z Azure Region: westus
2026-10-07T20:33:52.4403960Z ##[endgroup]
2026-10-07T20:33:52.4404870Z ##[group]Operating System
2026-10-07T20:33:52.4405260Z macOS
2026-10-07T20:33:52.4405600Z 26.6.2
2026-10-07T20:33:52.4405950Z 25G83
2026-10-07T20:33:52.4406350Z ##[endgroup]
2026-10-07T20:33:52.4406790Z ##[group]Runner Image
2026-10-07T20:33:52.4407230Z Image: macos-26-arm64
2026-10-07T20:33:52.4407610Z Version: 20260907.0351.1
2026-10-07T20:33:52.4408980Z Included Software: https://github.com/actions/runner-images/blob/macos-26-arm64/20260907.0351/images/macos/macos-26-arm64-Readme.md
2026-10-07T20:33:52.4412530Z Image Release: https://github.com/actions/runner-images/releases/tag/macos-26-arm64%2F20260907.0351
2026-10-07T20:33:52.4414390Z ##[endgroup]
2026-10-07T20:33:52.4416350Z ##[group]GITHUB_TOKEN Permissions
2026-10-07T20:33:52.4421300Z Contents: read
2026-10-07T20:33:52.4421830Z Metadata: read
2026-10-07T20:33:52.4422240Z ##[endgroup]
2026-10-07T20:33:52.4424330Z Secret source: Actions
2026-10-07T20:33:52.4425070Z Cache mode: write
2026-10-07T20:33:52.4425550Z Prepare workflow directory
2026-10-07T20:33:52.5146970Z Prepare all required actions
2026-10-07T20:33:52.5202920Z Getting action download info
2026-10-07T20:33:52.7319270Z Download action repository 'actions/checkout@v4' (SHA:11d5960a326750d5838078e36cf38b85af677262)
2026-10-07T20:33:53.0871040Z Download action repository 'actions/setup-node@v4' (SHA:49933ea5288caeca8642d1e84afbd3f7d6820020)
2026-10-07T20:33:53.2430310Z Download action repository 'actions/upload-artifact@v4' (SHA:ea165f8d65b6e75b540449e92b4886f43607fa02)
2026-10-07T20:33:53.5079750Z Complete job name: Cross-OS smoke / macos-latest
2026-10-07T20:33:53.5719970Z ##[group]Run actions/checkout@v4
2026-10-07T20:33:53.5720810Z with:
2026-10-07T20:33:53.5721450Z   repository: FSD-CLI/cli
2026-10-07T20:33:53.5726360Z   token: ***
2026-10-07T20:33:53.5726960Z   ssh-strict: true
2026-10-07T20:33:53.5727530Z   ssh-user: git
2026-10-07T20:33:53.5728120Z   persist-credentials: true
2026-10-07T20:33:53.5728730Z   clean: true
2026-10-07T20:33:53.5729380Z   sparse-checkout-cone-mode: true
2026-10-07T20:33:53.5730160Z   fetch-depth: 1
2026-10-07T20:33:53.5730720Z   fetch-tags: false
2026-10-07T20:33:53.5731280Z   show-progress: true
2026-10-07T20:33:53.5731930Z   lfs: false
2026-10-07T20:33:53.5732500Z   submodules: false
2026-10-07T20:33:53.5733200Z   set-safe-directory: true
2026-10-07T20:33:53.5733840Z   allow-unsafe-pr-checkout: false
2026-10-07T20:33:53.5734740Z env:
2026-10-07T20:33:53.5735510Z   CI_ARTIFACTS_DIR: /Users/runner/work/cli/cli/ci-artifacts
2026-10-07T20:33:53.5736680Z ##[endgroup]
2026-10-07T20:33:54.1561000Z Syncing repository: FSD-CLI/cli
2026-10-07T20:33:54.1562370Z ##[group]Getting Git version info
2026-10-07T20:33:54.1562720Z Working directory is '/Users/runner/work/cli/cli'
2026-10-07T20:33:54.1563270Z [command]/opt/homebrew/bin/git version
2026-10-07T20:33:54.3053200Z git version 2.55.0
2026-10-07T20:33:54.3071550Z ##[endgroup]
2026-10-07T20:33:54.3081950Z Copying '/Users/runner/.gitconfig' to '/Users/runner/work/_temp/080e64bc-a1a4-4b2f-8ffa-37b1dfdc73db/.gitconfig'
2026-10-07T20:33:54.3089150Z Temporarily overriding HOME='/Users/runner/work/_temp/080e64bc-a1a4-4b2f-8ffa-37b1dfdc73db' before making global git config changes
2026-10-07T20:33:54.3091450Z Adding repository directory to the temporary git global config as a safe directory
2026-10-07T20:33:54.3093310Z [command]/opt/homebrew/bin/git config --global --add safe.directory /Users/runner/work/cli/cli
2026-10-07T20:33:54.3215410Z Deleting the contents of '/Users/runner/work/cli/cli'
2026-10-07T20:33:54.3220340Z ##[group]Initializing the repository
2026-10-07T20:33:54.3221940Z [command]/opt/homebrew/bin/git init /Users/runner/work/cli/cli
2026-10-07T20:33:54.3477550Z hint: Using 'master' as the name for the initial branch. This default branch name
2026-10-07T20:33:54.3479920Z hint: will change to "main" in Git 3.0. To configure the initial branch name
2026-10-07T20:33:54.3480700Z hint: to use in all of your new repositories, which will suppress this warning,
2026-10-07T20:33:54.3481200Z hint: call:
2026-10-07T20:33:54.3481550Z hint:
2026-10-07T20:33:54.3481990Z hint: 	git config --global init.defaultBranch <name>
2026-10-07T20:33:54.3482410Z hint:
2026-10-07T20:33:54.3482850Z hint: Names commonly chosen instead of 'master' are 'main', 'trunk' and
2026-10-07T20:33:54.3483470Z hint: 'development'. The just-created branch can be renamed via this command:
2026-10-07T20:33:54.3484000Z hint:
2026-10-07T20:33:54.3484340Z hint: 	git branch -m <name>
2026-10-07T20:33:54.3484720Z hint:
2026-10-07T20:33:54.3485300Z hint: Disable this message with "git config set advice.defaultBranchName false"
2026-10-07T20:33:54.3486090Z Initialized empty Git repository in /Users/runner/work/cli/cli/.git/
2026-10-07T20:33:54.3496020Z [command]/opt/homebrew/bin/git remote add origin https://github.com/FSD-CLI/cli
2026-10-07T20:33:54.3599320Z ##[endgroup]
2026-10-07T20:33:54.3600380Z ##[group]Disabling automatic garbage collection
2026-10-07T20:33:54.3612390Z [command]/opt/homebrew/bin/git config --local gc.auto 0
2026-10-07T20:33:54.3702630Z ##[endgroup]
2026-10-07T20:33:54.3703950Z ##[group]Setting up auth
2026-10-07T20:33:54.3718900Z [command]/opt/homebrew/bin/git config --local --name-only --get-regexp core\.sshCommand
2026-10-07T20:33:54.3798340Z [command]/opt/homebrew/bin/git submodule foreach --recursive sh -c "git config --local --name-only --get-regexp 'core\.sshCommand' && git config --local --unset-all 'core.sshCommand' || :"
2026-10-07T20:33:54.5451130Z [command]/opt/homebrew/bin/git config --local --name-only --get-regexp http\.https\:\/\/github\.com\/\.extraheader
2026-10-07T20:33:54.5554580Z [command]/opt/homebrew/bin/git submodule foreach --recursive sh -c "git config --local --name-only --get-regexp 'http\.https\:\/\/github\.com\/\.extraheader' && git config --local --unset-all 'http.https://github.com/.extraheader' || :"
2026-10-07T20:33:54.6768320Z [command]/opt/homebrew/bin/git config --local --name-only --get-regexp ^includeIf\.gitdir:
2026-10-07T20:33:54.6889890Z [command]/opt/homebrew/bin/git submodule foreach --recursive git config --local --show-origin --name-only --get-regexp remote.origin.url
2026-10-07T20:33:54.9425750Z [command]/opt/homebrew/bin/git config --local http.https://github.com/.extraheader AUTHORIZATION: basic ***
2026-10-07T20:33:54.9664130Z ##[endgroup]
2026-10-07T20:33:54.9716490Z ##[group]Fetching the repository
2026-10-07T20:33:54.9754170Z [command]/opt/homebrew/bin/git -c protocol.version=2 fetch --no-tags --prune --no-recurse-submodules --depth=1 origin +fcde52a0b801a6d57b4d5914596dde72bf490ae9:refs/remotes/origin/main
2026-10-07T20:33:55.7016500Z From https://github.com/FSD-CLI/cli
2026-10-07T20:33:55.7017630Z  * [new ref]         fcde52a0b801a6d57b4d5914596dde72bf490ae9 -> origin/main
2026-10-07T20:33:55.7063680Z ##[endgroup]
2026-10-07T20:33:55.7098380Z ##[group]Determining the checkout info
2026-10-07T20:33:55.7123070Z ##[endgroup]
2026-10-07T20:33:55.7124480Z [command]/opt/homebrew/bin/git sparse-checkout disable
2026-10-07T20:33:55.7156480Z [command]/opt/homebrew/bin/git config --local --unset-all extensions.worktreeConfig
2026-10-07T20:33:55.7280780Z ##[group]Checking out the ref
2026-10-07T20:33:55.7284990Z [command]/opt/homebrew/bin/git checkout --progress --force -B main refs/remotes/origin/main
2026-10-07T20:33:55.8093600Z Switched to a new branch 'main'
2026-10-07T20:33:55.8097040Z branch 'main' set up to track 'origin/main'.
2026-10-07T20:33:55.8105270Z ##[endgroup]
2026-10-07T20:33:55.8210690Z [command]/opt/homebrew/bin/git log -1 --format=%H
2026-10-07T20:33:55.8295300Z fcde52a0b801a6d57b4d5914596dde72bf490ae9
2026-10-07T20:33:55.8556820Z ##[group]Run actions/setup-node@v4
2026-10-07T20:33:55.8557130Z with:
2026-10-07T20:33:55.8557320Z   node-version: 22
2026-10-07T20:33:55.8557520Z   cache: npm
2026-10-07T20:33:55.8557720Z   always-auth: false
2026-10-07T20:33:55.8557990Z   check-latest: false
2026-10-07T20:33:55.8560280Z   token: ***
2026-10-07T20:33:55.8560470Z env:
2026-10-07T20:33:55.8560720Z   CI_ARTIFACTS_DIR: /Users/runner/work/cli/cli/ci-artifacts
2026-10-07T20:33:55.8561070Z ##[endgroup]
2026-10-07T20:33:56.0331940Z Found in cache @ /Users/runner/hostedtoolcache/node/22.23.2/arm64
2026-10-07T20:33:56.0334600Z (node:1161) [DEP0040] DeprecationWarning: The `punycode` module is deprecated. Please use a userland alternative instead.
2026-10-07T20:33:56.0335460Z (Use `node --trace-deprecation ...` to show where the warning was created)
2026-10-07T20:33:56.0336230Z ##[group]Environment details
2026-10-07T20:33:56.7711550Z node: v22.23.2
2026-10-07T20:33:56.7712530Z npm: 10.9.8
2026-10-07T20:33:56.7713450Z yarn: 1.22.22
2026-10-07T20:33:56.7714720Z ##[endgroup]
2026-10-07T20:33:56.7736330Z [command]/Users/runner/hostedtoolcache/node/22.23.2/arm64/bin/npm config get cache
2026-10-07T20:33:56.9681670Z /Users/runner/.npm
2026-10-07T20:33:57.0886150Z Cache hit for: node-cache-macOS-arm64-npm-23d63e89653b8653f138c2b1c17b159292afb1767abeb11860d5374b734ce295
2026-10-07T20:33:57.1016450Z (node:1161) [DEP0169] DeprecationWarning: `url.parse()` behavior is not standardized and prone to errors that have security implications. Use the WHATWG URL API instead. CVEs are not issued for `url.parse()` vulnerabilities.
2026-10-07T20:33:57.2121580Z Received 138255 of 138255 (100.0%), 2.4 MBs/sec
2026-10-07T20:33:57.2221230Z Cache Size: ~0 MB (138255 B)
2026-10-07T20:33:57.2323230Z [command]/opt/homebrew/bin/gtar -xf /Users/runner/work/_temp/b260770a-ab6e-4549-bd53-11d014c74016/cache.tzst -P -C /Users/runner/work/cli/cli --delay-directory-restore --use-compress-program unzstd
2026-10-07T20:33:57.2647430Z Cache restored successfully
2026-10-07T20:33:57.2648540Z Cache restored from key: node-cache-macOS-arm64-npm-23d63e89653b8653f138c2b1c17b159292afb1767abeb11860d5374b734ce295
2026-10-07T20:33:57.3228130Z ##[group]Run npm ci
2026-10-07T20:33:57.3228510Z [36;1mnpm ci[0m
2026-10-07T20:33:57.3341590Z shell: /bin/bash -e {0}
2026-10-07T20:33:57.3341920Z env:
2026-10-07T20:33:57.3342220Z   CI_ARTIFACTS_DIR: /Users/runner/work/cli/cli/ci-artifacts
2026-10-07T20:33:57.3342910Z ##[endgroup]
2026-10-07T20:33:58.3335100Z 
2026-10-07T20:33:58.3347140Z added 20 packages, and audited 21 packages in 841ms
2026-10-07T20:33:58.3348480Z 
2026-10-07T20:33:58.3349070Z 17 packages are looking for funding
2026-10-07T20:33:58.3350160Z   run `npm fund` for details
2026-10-07T20:33:58.3350680Z 
2026-10-07T20:33:58.3351060Z found 0 vulnerabilities
2026-10-07T20:33:58.4319790Z ##[group]Run node scripts/ci/os-smoke.mjs
2026-10-07T20:33:58.4320280Z [36;1mnode scripts/ci/os-smoke.mjs[0m
2026-10-07T20:33:58.4394570Z shell: /bin/bash -e {0}
2026-10-07T20:33:58.4395250Z env:
2026-10-07T20:33:58.4396130Z   CI_ARTIFACTS_DIR: /Users/runner/work/cli/cli/ci-artifacts
2026-10-07T20:33:58.4397040Z ##[endgroup]
2026-10-07T20:33:58.5125810Z 
2026-10-07T20:33:58.5130090Z [01-create] ["/Users/runner/hostedtoolcache/node/22.23.2/arm64/bin/node","/Users/runner/work/cli/cli/bin/index.mjs","os-smoke-app","--framework","react-vite","--package-manager","npm","--yes","--no-install","--no-start"]
2026-10-07T20:33:59.6831430Z 
2026-10-07T20:33:59.6833230Z ┌─────────────────────────────────────────────────────────────────────────────┐
2026-10-07T20:33:59.6834110Z - Downloading template...
2026-10-07T20:33:59.6834800Z │                                                                             │
2026-10-07T20:33:59.6838950Z [32m✔[39m Template downloaded at verified immutable commit.
2026-10-07T20:33:59.6839730Z │    ███████╗███████╗██████╗                                                  │
2026-10-07T20:33:59.6840220Z - Configuring FSD stack, Git, and Husky...
2026-10-07T20:33:59.6841440Z │    ██╔════╝██╔════╝██╔══██╗                                                 │
2026-10-07T20:33:59.6842030Z [32m✔[39m FSD stack, Git, and Husky configured.
2026-10-07T20:33:59.6842670Z │    █████╗  ███████╗██║  ██║                                                 │
2026-10-07T20:33:59.6843490Z │    ██╔══╝  ╚════██║██║  ██║                                                 │
2026-10-07T20:33:59.6844290Z │    ██║     ███████║██████╔╝                                                 │
2026-10-07T20:33:59.6844920Z │    ╚═╝     ╚══════╝╚═════╝                                                  │
2026-10-07T20:33:59.6845540Z │                                                                             │
2026-10-07T20:33:59.6846280Z │           ◢◤◢◤◢◤  FEATURE-SLICED DESIGN ARCHITECTURE  ◢◤◢◤◢◤                │
2026-10-07T20:33:59.6848390Z │                                                                             │
2026-10-07T20:33:59.6850160Z │   app → pages → widgets → features → entities → shared                     │
2026-10-07T20:33:59.6851990Z │                                                                             │
2026-10-07T20:33:59.6852620Z │   Scalable • Maintainable • Enterprise Frontend Architecture                │
2026-10-07T20:33:59.6853260Z │                                                                             │
2026-10-07T20:33:59.6853860Z └─────────────────────────────────────────────────────────────────────────────┘
2026-10-07T20:33:59.6880270Z 
2026-10-07T20:33:59.6881020Z   Commitlint verification skipped until dependencies are installed.
2026-10-07T20:33:59.6881520Z 
2026-10-07T20:33:59.6881850Z   Project created successfully!
2026-10-07T20:33:59.6882170Z 
2026-10-07T20:33:59.6882370Z   Next steps:
2026-10-07T20:33:59.6882590Z 
2026-10-07T20:33:59.6882820Z     $ cd os-smoke-app
2026-10-07T20:33:59.6883340Z     $ npm install
2026-10-07T20:33:59.6884980Z     $ npm run dev
2026-10-07T20:33:59.6885250Z 
2026-10-07T20:33:59.6885410Z 
2026-10-07T20:33:59.6886180Z [02-generate-feature] ["/Users/runner/hostedtoolcache/node/22.23.2/arm64/bin/node","/Users/runner/work/cli/cli/bin/index.mjs","--generate","feature","checkout"]
2026-10-07T20:33:59.8307310Z 
2026-10-07T20:33:59.8431050Z   Slice generated successfully!
2026-10-07T20:33:59.8520250Z 
2026-10-07T20:33:59.8522120Z   Created files:
2026-10-07T20:33:59.8523350Z     - src/features/checkout/model/checkout.types.ts
2026-10-07T20:33:59.8523930Z     - src/features/checkout/ui/checkout-view.tsx
2026-10-07T20:33:59.8524440Z     - src/features/checkout/api/checkout.api.ts
2026-10-07T20:33:59.8524940Z     - src/features/checkout/api/checkout.query.ts
2026-10-07T20:33:59.8526220Z     - src/features/checkout/lib/checkout.keys.ts
2026-10-07T20:33:59.8526780Z     - src/features/checkout/model/checkout.store.ts
2026-10-07T20:33:59.8528230Z     - src/features/checkout/lib/checkout.helpers.ts
2026-10-07T20:33:59.8528740Z     - src/features/checkout/index.ts
2026-10-07T20:33:59.8529050Z 
2026-10-07T20:33:59.8529150Z 
2026-10-07T20:33:59.8530000Z [03-generate-entity] ["/Users/runner/hostedtoolcache/node/22.23.2/arm64/bin/node","/Users/runner/work/cli/cli/bin/index.mjs","--generate","entity","product"]
2026-10-07T20:33:59.9773950Z 
2026-10-07T20:33:59.9878670Z   Slice generated successfully!
2026-10-07T20:33:59.9979680Z 
2026-10-07T20:34:00.0101260Z   Created files:
2026-10-07T20:34:00.0276480Z     - src/entities/product/model/product.types.ts
2026-10-07T20:34:00.0379390Z     - src/entities/product/ui/product-card.tsx
2026-10-07T20:34:00.0481450Z     - src/entities/product/index.ts
2026-10-07T20:34:00.0635050Z 
2026-10-07T20:34:00.0672990Z 
2026-10-07T20:34:00.0675640Z [04-generate-widget] ["/Users/runner/hostedtoolcache/node/22.23.2/arm64/bin/node","/Users/runner/work/cli/cli/bin/index.mjs","--generate","widget","cart-summary"]
2026-10-07T20:34:00.1790420Z 
2026-10-07T20:34:00.1796060Z   Slice generated successfully!
2026-10-07T20:34:00.1796330Z 
2026-10-07T20:34:00.1796550Z   Created files:
2026-10-07T20:34:00.1796960Z     - src/widgets/cart-summary/ui/cart-summary.tsx
2026-10-07T20:34:00.1797940Z     - src/widgets/cart-summary/index.ts
2026-10-07T20:34:00.1798190Z 
2026-10-07T20:34:00.1798200Z 
2026-10-07T20:34:00.1799130Z [05-generate-page] ["/Users/runner/hostedtoolcache/node/22.23.2/arm64/bin/node","/Users/runner/work/cli/cli/bin/index.mjs","--generate","page","account"]
2026-10-07T20:34:00.3633260Z 
2026-10-07T20:34:00.3638390Z   Slice generated successfully!
2026-10-07T20:34:00.3649410Z 
2026-10-07T20:34:00.3650230Z   Created files:
2026-10-07T20:34:00.3651370Z     - src/pages/account/ui/account-page.tsx
2026-10-07T20:34:00.3652810Z     - src/pages/account/index.ts
2026-10-07T20:34:00.3654290Z     - src/app/routing/index.tsx
2026-10-07T20:34:00.3654830Z 
2026-10-07T20:34:00.3655030Z 
2026-10-07T20:34:00.3656560Z [06-generate-auth] ["/Users/runner/hostedtoolcache/node/22.23.2/arm64/bin/node","/Users/runner/work/cli/cli/bin/index.mjs","--generate","feature","auth"]
2026-10-07T20:34:00.5036120Z 
2026-10-07T20:34:00.5137560Z   Slice generated successfully!
2026-10-07T20:34:00.5239640Z 
2026-10-07T20:34:00.5271350Z   Created files:
2026-10-07T20:34:00.5271890Z     - src/features/auth/model/login.types.ts
2026-10-07T20:34:00.5272330Z     - src/features/auth/model/register.types.ts
2026-10-07T20:34:00.5272820Z     - src/features/auth/model/forgot-password.types.ts
2026-10-07T20:34:00.5273390Z     - src/features/auth/model/reset-password.types.ts
2026-10-07T20:34:00.5273970Z     - src/features/auth/model/verify-code.types.ts
2026-10-07T20:34:00.5274500Z     - src/features/auth/api/login.api.ts
2026-10-07T20:34:00.5274910Z     - src/features/auth/api/register.api.ts
2026-10-07T20:34:00.5275390Z     - src/features/auth/api/forgot-password.api.ts
2026-10-07T20:34:00.5275960Z     - src/features/auth/api/reset-password.api.ts
2026-10-07T20:34:00.5276550Z     - src/features/auth/api/verify-code.api.ts
2026-10-07T20:34:00.5277640Z     - src/features/auth/api/auth.query.ts
2026-10-07T20:34:00.5305320Z     - src/features/auth/lib/auth.keys.ts
2026-10-07T20:34:00.5306070Z     - src/features/auth/model/auth.types.ts
2026-10-07T20:34:00.5306690Z     - src/features/auth/model/auth.store.ts
2026-10-07T20:34:00.5307400Z     - src/features/auth/lib/auth.helpers.ts
2026-10-07T20:34:00.5307880Z     - src/features/auth/model/login.schema.ts
2026-10-07T20:34:00.5308510Z     - src/features/auth/model/register.schema.ts
2026-10-07T20:34:00.5309140Z     - src/features/auth/model/forgot-password.schema.ts
2026-10-07T20:34:00.5309750Z     - src/features/auth/model/reset-password.schema.ts
2026-10-07T20:34:00.5310470Z     - src/features/auth/model/verify-code.schema.ts
2026-10-07T20:34:00.5311100Z     - src/features/auth/ui/login-form.tsx
2026-10-07T20:34:00.5311530Z     - src/features/auth/ui/register-form.tsx
2026-10-07T20:34:00.5312930Z     - src/features/auth/ui/forgot-password-form.tsx
2026-10-07T20:34:00.5315930Z     - src/features/auth/ui/reset-password-form.tsx
2026-10-07T20:34:00.5317750Z     - src/features/auth/ui/verify-code-form.tsx
2026-10-07T20:34:00.5319950Z     - src/features/auth/index.ts
2026-10-07T20:34:00.5321090Z 
2026-10-07T20:34:00.5321430Z 
2026-10-07T20:34:00.5323060Z [07-check] ["/Users/runner/hostedtoolcache/node/22.23.2/arm64/bin/node","/Users/runner/work/cli/cli/bin/index.mjs","check"]
2026-10-07T20:34:00.6592670Z 
2026-10-07T20:34:00.6594290Z   FSD check
2026-10-07T20:34:00.6594870Z 
2026-10-07T20:34:00.6597110Z   PASS  FSD configuration — react-vite
2026-10-07T20:34:00.6598010Z   PASS  package.json — found
2026-10-07T20:34:00.6598830Z   PASS  FSD layer: app — src/app
2026-10-07T20:34:00.6599670Z   PASS  FSD layer: pages — src/pages
2026-10-07T20:34:00.6600480Z   PASS  FSD layer: widgets — src/widgets
2026-10-07T20:34:00.6604620Z   PASS  FSD layer: features — src/features
2026-10-07T20:34:00.6605540Z   PASS  FSD layer: entities — src/entities
2026-10-07T20:34:00.6606850Z   PASS  FSD layer: shared — src/shared
2026-10-07T20:34:00.6607440Z 
2026-10-07T20:34:00.6607450Z 
2026-10-07T20:34:00.6608800Z [08-doctor] ["/Users/runner/hostedtoolcache/node/22.23.2/arm64/bin/node","/Users/runner/work/cli/cli/bin/index.mjs","doctor"]
2026-10-07T20:34:01.0144270Z 
2026-10-07T20:34:01.0144980Z   FSD doctor
2026-10-07T20:34:01.0145670Z 
2026-10-07T20:34:01.0146480Z   PASS  FSD configuration — react-vite
2026-10-07T20:34:01.0147280Z   PASS  package.json — found
2026-10-07T20:34:01.0148100Z   PASS  FSD layer: app — src/app
2026-10-07T20:34:01.0148890Z   PASS  FSD layer: pages — src/pages
2026-10-07T20:34:01.0149840Z   PASS  FSD layer: widgets — src/widgets
2026-10-07T20:34:01.0150670Z   PASS  FSD layer: features — src/features
2026-10-07T20:34:01.0151810Z   PASS  FSD layer: entities — src/entities
2026-10-07T20:34:01.0152700Z   PASS  FSD layer: shared — src/shared
2026-10-07T20:34:01.0153390Z   PASS  Node.js — v22.23.2
2026-10-07T20:34:01.0154490Z   PASS  Git — required for generated repositories
2026-10-07T20:34:01.0155420Z   PASS  npm — selected in fsd.config.json
2026-10-07T20:34:01.0155870Z 
2026-10-07T20:34:01.0155880Z 
2026-10-07T20:34:01.0157910Z [09-invalid-path] ["/Users/runner/hostedtoolcache/node/22.23.2/arm64/bin/node","/Users/runner/work/cli/cli/bin/index.mjs","../outside","--framework","react-vite","--yes","--no-install","--no-start"]
2026-10-07T20:34:01.1345530Z   Error: Project directory must be created inside the current directory.
2026-10-07T20:34:01.1346370Z 
2026-10-07T20:34:01.1347920Z ┌─────────────────────────────────────────────────────────────────────────────┐
2026-10-07T20:34:01.1349250Z │                                                                             │
2026-10-07T20:34:01.1350460Z │    ███████╗███████╗██████╗                                                  │
2026-10-07T20:34:01.1351840Z │    ██╔════╝██╔════╝██╔══██╗                                                 │
2026-10-07T20:34:01.1353180Z │    █████╗  ███████╗██║  ██║                                                 │
2026-10-07T20:34:01.1354430Z │    ██╔══╝  ╚════██║██║  ██║                                                 │
2026-10-07T20:34:01.1355850Z │    ██║     ███████║██████╔╝                                                 │
2026-10-07T20:34:01.1357230Z │    ╚═╝     ╚══════╝╚═════╝                                                  │
2026-10-07T20:34:01.1358540Z │                                                                             │
2026-10-07T20:34:01.1359870Z │           ◢◤◢◤◢◤  FEATURE-SLICED DESIGN ARCHITECTURE  ◢◤◢◤◢◤                │
2026-10-07T20:34:01.1361380Z │                                                                             │
2026-10-07T20:34:01.1362940Z │   app → pages → widgets → features → entities → shared                     │
2026-10-07T20:34:01.1364390Z │                                                                             │
2026-10-07T20:34:01.1365810Z │   Scalable • Maintainable • Enterprise Frontend Architecture                │
2026-10-07T20:34:01.1368160Z │                                                                             │
2026-10-07T20:34:01.1369600Z └─────────────────────────────────────────────────────────────────────────────┘
2026-10-07T20:34:01.1370860Z 
2026-10-07T20:34:01.1372970Z [10-existing-target] ["/Users/runner/hostedtoolcache/node/22.23.2/arm64/bin/node","/Users/runner/work/cli/cli/bin/index.mjs","existing-target","--framework","react-vite","--yes","--no-install","--no-start"]
2026-10-07T20:34:01.2633360Z   Error: Folder "existing-target" already exists. Re-run with --force to replace it.
2026-10-07T20:34:01.2634480Z 
2026-10-07T20:34:01.2668780Z ┌─────────────────────────────────────────────────────────────────────────────┐
2026-10-07T20:34:01.2705370Z │                                                                             │
2026-10-07T20:34:01.2712190Z │    ███████╗███████╗██████╗                                                  │
2026-10-07T20:34:01.2813940Z │    ██╔════╝██╔════╝██╔══██╗                                                 │
2026-10-07T20:34:01.2887650Z │    █████╗  ███████╗██║  ██║                                                 │
2026-10-07T20:34:01.2895180Z │    ██╔══╝  ╚════██║██║  ██║                                                 │
2026-10-07T20:34:01.2900320Z │    ██║     ███████║██████╔╝                                                 │
2026-10-07T20:34:01.2906380Z │    ╚═╝     ╚══════╝╚═════╝                                                  │
2026-10-07T20:34:01.2907200Z │                                                                             │
2026-10-07T20:34:01.2907920Z │           ◢◤◢◤◢◤  FEATURE-SLICED DESIGN ARCHITECTURE  ◢◤◢◤◢◤                │
2026-10-07T20:34:01.2908570Z │                                                                             │
2026-10-07T20:34:01.2909800Z │   app → pages → widgets → features → entities → shared                     │
2026-10-07T20:34:01.2910760Z │                                                                             │
2026-10-07T20:34:01.2911610Z │   Scalable • Maintainable • Enterprise Frontend Architecture                │
2026-10-07T20:34:01.2912430Z │                                                                             │
2026-10-07T20:34:01.2914080Z └─────────────────────────────────────────────────────────────────────────────┘
2026-10-07T20:34:01.2914800Z 
2026-10-07T20:34:01.2915320Z Cross-OS smoke passed. Logs: /Users/runner/work/cli/cli/ci-artifacts/os-smoke
2026-10-07T20:34:01.3041150Z Post job cleanup.
2026-10-07T20:34:01.4916210Z (node:1252) [DEP0040] DeprecationWarning: The `punycode` module is deprecated. Please use a userland alternative instead.
2026-10-07T20:34:01.4918760Z (Use `node --trace-deprecation ...` to show where the warning was created)
2026-10-07T20:34:01.4920860Z Cache hit occurred on the primary key node-cache-macOS-arm64-npm-23d63e89653b8653f138c2b1c17b159292afb1767abeb11860d5374b734ce295, not saving cache.
2026-10-07T20:34:01.5048240Z Post job cleanup.
2026-10-07T20:34:01.6210870Z [command]/opt/homebrew/bin/git version
2026-10-07T20:34:01.6299570Z git version 2.55.0
2026-10-07T20:34:01.6338430Z Copying '/Users/runner/.gitconfig' to '/Users/runner/work/_temp/d3880ddc-0fce-447e-a236-fd883275b973/.gitconfig'
2026-10-07T20:34:01.6347800Z Temporarily overriding HOME='/Users/runner/work/_temp/d3880ddc-0fce-447e-a236-fd883275b973' before making global git config changes
2026-10-07T20:34:01.6350090Z Adding repository directory to the temporary git global config as a safe directory
2026-10-07T20:34:01.6351950Z [command]/opt/homebrew/bin/git config --global --add safe.directory /Users/runner/work/cli/cli
2026-10-07T20:34:01.6474720Z [command]/opt/homebrew/bin/git config --local --name-only --get-regexp core\.sshCommand
2026-10-07T20:34:01.6565670Z [command]/opt/homebrew/bin/git submodule foreach --recursive sh -c "git config --local --name-only --get-regexp 'core\.sshCommand' && git config --local --unset-all 'core.sshCommand' || :"
2026-10-07T20:34:01.7678990Z [command]/opt/homebrew/bin/git config --local --name-only --get-regexp http\.https\:\/\/github\.com\/\.extraheader
2026-10-07T20:34:01.7742320Z http.https://github.com/.extraheader
2026-10-07T20:34:01.7750190Z [command]/opt/homebrew/bin/git config --local --unset-all http.https://github.com/.extraheader
2026-10-07T20:34:01.7834750Z [command]/opt/homebrew/bin/git submodule foreach --recursive sh -c "git config --local --name-only --get-regexp 'http\.https\:\/\/github\.com\/\.extraheader' && git config --local --unset-all 'http.https://github.com/.extraheader' || :"
2026-10-07T20:34:01.9141150Z [command]/opt/homebrew/bin/git config --local --name-only --get-regexp ^includeIf\.gitdir:
2026-10-07T20:34:01.9450560Z [command]/opt/homebrew/bin/git submodule foreach --recursive git config --local --show-origin --name-only --get-regexp remote.origin.url
2026-10-07T20:34:02.0961070Z Cleaning up orphan processes
2026-10-07T20:34:02.2513370Z ##[warning]Node.js 20 is deprecated. The following actions target Node.js 20 but are being forced to run on Node.js 24: actions/checkout@v4, actions/setup-node@v4. For more information see: https://github.blog/changelog/2025-09-19-deprecation-of-node-20-on-github-actions-runners/

