2026-10-07T20:33:46.6826294Z Current runner version: '2.337.0'
2026-10-07T20:33:46.6847391Z ##[group]Runner Image Provisioner
2026-10-07T20:33:46.6847961Z Hosted Compute Agent
2026-10-07T20:33:46.6848330Z Version: 20260901.588
2026-10-07T20:33:46.6848773Z Commit: f88ec8081b781fac6c440065ac7ff9e710ce3d0b
2026-10-07T20:33:46.6849206Z Build Date: 2026-09-01T19:56:44Z
2026-10-07T20:33:46.6849613Z Worker ID: {8d5d43d0-2f18-427b-bac1-254bf11fe225}
2026-10-07T20:33:46.6850083Z Azure Region: centralus
2026-10-07T20:33:46.6850435Z ##[endgroup]
2026-10-07T20:33:46.6851399Z ##[group]Operating System
2026-10-07T20:33:46.6851816Z Ubuntu
2026-10-07T20:33:46.6852121Z 24.04.5
2026-10-07T20:33:46.6852476Z LTS
2026-10-07T20:33:46.6852790Z ##[endgroup]
2026-10-07T20:33:46.6853178Z ##[group]Runner Image
2026-10-07T20:33:46.6853561Z Image: ubuntu-24.04
2026-10-07T20:33:46.6853903Z Version: 20260927.320.1
2026-10-07T20:33:46.6854864Z Included Software: https://github.com/actions/runner-images/blob/ubuntu24/20260927.320/images/ubuntu/Ubuntu2404-Readme.md
2026-10-07T20:33:46.6855790Z Image Release: https://github.com/actions/runner-images/releases/tag/ubuntu24%2F20260927.320
2026-10-07T20:33:46.6856360Z ##[endgroup]
2026-10-07T20:33:46.6857076Z ##[group]GITHUB_TOKEN Permissions
2026-10-07T20:33:46.6858304Z Contents: read
2026-10-07T20:33:46.6858679Z Metadata: read
2026-10-07T20:33:46.6859100Z ##[endgroup]
2026-10-07T20:33:46.6860446Z Secret source: Actions
2026-10-07T20:33:46.6861036Z Cache mode: write
2026-10-07T20:33:46.6861566Z Prepare workflow directory
2026-10-07T20:33:46.7079356Z Prepare all required actions
2026-10-07T20:33:46.7112904Z Getting action download info
2026-10-07T20:33:46.9359202Z Download action repository 'actions/checkout@v4' (SHA:11d5960a326750d5838078e36cf38b85af677262)
2026-10-07T20:33:47.2590796Z Download action repository 'actions/setup-node@v4' (SHA:49933ea5288caeca8642d1e84afbd3f7d6820020)
2026-10-07T20:33:47.6879673Z Download action repository 'pnpm/action-setup@v4' (SHA:b906affcce14559ad1aafd4ab0e942779e9f58b1)
2026-10-07T20:33:48.6249857Z Complete job name: pnpm 10.26.0 / react-vite
2026-10-07T20:33:48.6930622Z ##[group]Run actions/checkout@v4
2026-10-07T20:33:48.6931416Z with:
2026-10-07T20:33:48.6931911Z   repository: FSD-CLI/cli
2026-10-07T20:33:48.6936687Z   token: ***
2026-10-07T20:33:48.6937182Z   ssh-strict: true
2026-10-07T20:33:48.6937699Z   ssh-user: git
2026-10-07T20:33:48.6938220Z   persist-credentials: true
2026-10-07T20:33:48.6938796Z   clean: true
2026-10-07T20:33:48.6939323Z   sparse-checkout-cone-mode: true
2026-10-07T20:33:48.6939938Z   fetch-depth: 1
2026-10-07T20:33:48.6940444Z   fetch-tags: false
2026-10-07T20:33:48.6940962Z   show-progress: true
2026-10-07T20:33:48.6941504Z   lfs: false
2026-10-07T20:33:48.6941996Z   submodules: false
2026-10-07T20:33:48.6942528Z   set-safe-directory: true
2026-10-07T20:33:48.6943131Z   allow-unsafe-pr-checkout: false
2026-10-07T20:33:48.6943828Z ##[endgroup]
2026-10-07T20:33:48.7643321Z Syncing repository: FSD-CLI/cli
2026-10-07T20:33:48.7645898Z ##[group]Getting Git version info
2026-10-07T20:33:48.7647218Z Working directory is '/home/runner/work/cli/cli'
2026-10-07T20:33:48.7648885Z [command]/usr/bin/git version
2026-10-07T20:33:48.7697728Z git version 2.55.0
2026-10-07T20:33:48.7712976Z ##[endgroup]
2026-10-07T20:33:48.7724840Z Temporarily overriding HOME='/home/runner/work/_temp/eb222924-1278-433f-815d-f9b2ca74e717' before making global git config changes
2026-10-07T20:33:48.7727802Z Adding repository directory to the temporary git global config as a safe directory
2026-10-07T20:33:48.7729955Z [command]/usr/bin/git config --global --add safe.directory /home/runner/work/cli/cli
2026-10-07T20:33:48.8659721Z Deleting the contents of '/home/runner/work/cli/cli'
2026-10-07T20:33:48.8662114Z ##[group]Initializing the repository
2026-10-07T20:33:48.8663718Z [command]/usr/bin/git init /home/runner/work/cli/cli
2026-10-07T20:33:48.9259886Z hint: Using 'master' as the name for the initial branch. This default branch name
2026-10-07T20:33:48.9261630Z hint: will change to "main" in Git 3.0. To configure the initial branch name
2026-10-07T20:33:48.9263795Z hint: to use in all of your new repositories, which will suppress this warning,
2026-10-07T20:33:48.9265259Z hint: call:
2026-10-07T20:33:48.9265931Z hint:
2026-10-07T20:33:48.9266811Z hint: 	git config --global init.defaultBranch <name>
2026-10-07T20:33:48.9267870Z hint:
2026-10-07T20:33:48.9268879Z hint: Names commonly chosen instead of 'master' are 'main', 'trunk' and
2026-10-07T20:33:48.9270526Z hint: 'development'. The just-created branch can be renamed via this command:
2026-10-07T20:33:48.9271840Z hint:
2026-10-07T20:33:48.9272572Z hint: 	git branch -m <name>
2026-10-07T20:33:48.9273382Z hint:
2026-10-07T20:33:48.9274438Z hint: Disable this message with "git config set advice.defaultBranchName false"
2026-10-07T20:33:48.9276516Z Initialized empty Git repository in /home/runner/work/cli/cli/.git/
2026-10-07T20:33:48.9279457Z [command]/usr/bin/git remote add origin https://github.com/FSD-CLI/cli
2026-10-07T20:33:48.9318970Z ##[endgroup]
2026-10-07T20:33:48.9320110Z ##[group]Disabling automatic garbage collection
2026-10-07T20:33:48.9321406Z [command]/usr/bin/git config --local gc.auto 0
2026-10-07T20:33:48.9350570Z ##[endgroup]
2026-10-07T20:33:48.9351428Z ##[group]Setting up auth
2026-10-07T20:33:48.9354955Z [command]/usr/bin/git config --local --name-only --get-regexp core\.sshCommand
2026-10-07T20:33:48.9382335Z [command]/usr/bin/git submodule foreach --recursive sh -c "git config --local --name-only --get-regexp 'core\.sshCommand' && git config --local --unset-all 'core.sshCommand' || :"
2026-10-07T20:33:48.9650081Z [command]/usr/bin/git config --local --name-only --get-regexp http\.https\:\/\/github\.com\/\.extraheader
2026-10-07T20:33:48.9681849Z [command]/usr/bin/git submodule foreach --recursive sh -c "git config --local --name-only --get-regexp 'http\.https\:\/\/github\.com\/\.extraheader' && git config --local --unset-all 'http.https://github.com/.extraheader' || :"
2026-10-07T20:33:48.9855945Z [command]/usr/bin/git config --local --name-only --get-regexp ^includeIf\.gitdir:
2026-10-07T20:33:48.9887707Z [command]/usr/bin/git submodule foreach --recursive git config --local --show-origin --name-only --get-regexp remote.origin.url
2026-10-07T20:33:49.0059810Z [command]/usr/bin/git config --local http.https://github.com/.extraheader AUTHORIZATION: basic ***
2026-10-07T20:33:49.0093436Z ##[endgroup]
2026-10-07T20:33:49.0094327Z ##[group]Fetching the repository
2026-10-07T20:33:49.0101775Z [command]/usr/bin/git -c protocol.version=2 fetch --no-tags --prune --no-recurse-submodules --depth=1 origin +fcde52a0b801a6d57b4d5914596dde72bf490ae9:refs/remotes/origin/main
2026-10-07T20:33:49.5004579Z From https://github.com/FSD-CLI/cli
2026-10-07T20:33:49.5006251Z  * [new ref]         fcde52a0b801a6d57b4d5914596dde72bf490ae9 -> origin/main
2026-10-07T20:33:49.5008327Z ##[endgroup]
2026-10-07T20:33:49.5008676Z ##[group]Determining the checkout info
2026-10-07T20:33:49.5014425Z ##[endgroup]
2026-10-07T20:33:49.5016196Z [command]/usr/bin/git sparse-checkout disable
2026-10-07T20:33:49.5059025Z [command]/usr/bin/git config --local --unset-all extensions.worktreeConfig
2026-10-07T20:33:49.5088605Z ##[group]Checking out the ref
2026-10-07T20:33:49.5088964Z [command]/usr/bin/git checkout --progress --force -B main refs/remotes/origin/main
2026-10-07T20:33:49.5346568Z Switched to a new branch 'main'
2026-10-07T20:33:49.5349985Z branch 'main' set up to track 'origin/main'.
2026-10-07T20:33:49.5354935Z ##[endgroup]
2026-10-07T20:33:49.5389706Z [command]/usr/bin/git log -1 --format=%H
2026-10-07T20:33:49.5410741Z fcde52a0b801a6d57b4d5914596dde72bf490ae9
2026-10-07T20:33:49.5605666Z ##[group]Run actions/setup-node@v4
2026-10-07T20:33:49.5605890Z with:
2026-10-07T20:33:49.5606031Z   node-version: 22
2026-10-07T20:33:49.5606186Z   always-auth: false
2026-10-07T20:33:49.5606336Z   check-latest: false
2026-10-07T20:33:49.5607666Z   token: ***
2026-10-07T20:33:49.5607811Z ##[endgroup]
2026-10-07T20:33:49.6630747Z (node:2088) [DEP0040] DeprecationWarning: The `punycode` module is deprecated. Please use a userland alternative instead.
2026-10-07T20:33:49.6631836Z (Use `node --trace-deprecation ...` to show where the warning was created)
2026-10-07T20:33:49.6637703Z Found in cache @ /opt/hostedtoolcache/node/22.23.3/x64
2026-10-07T20:33:49.6638311Z ##[group]Environment details
2026-10-07T20:33:49.9412213Z node: v22.23.3
2026-10-07T20:33:49.9412767Z npm: 10.9.9
2026-10-07T20:33:49.9412926Z yarn: 1.22.22
2026-10-07T20:33:49.9413629Z ##[endgroup]
2026-10-07T20:33:49.9542730Z ##[group]Run pnpm/action-setup@v4
2026-10-07T20:33:49.9542950Z with:
2026-10-07T20:33:49.9543067Z   version: 10.26.0
2026-10-07T20:33:49.9543185Z   dest: ~/setup-pnpm
2026-10-07T20:33:49.9543305Z   run_install: null
2026-10-07T20:33:49.9543422Z   cache: false
2026-10-07T20:33:49.9543549Z   cache_dependency_path: pnpm-lock.yaml
2026-10-07T20:33:49.9543712Z   package_json_file: package.json
2026-10-07T20:33:49.9543854Z   standalone: false
2026-10-07T20:33:49.9543971Z ##[endgroup]
2026-10-07T20:33:50.0497318Z ##[group]Running self-installer...
2026-10-07T20:33:50.3010723Z (node:2131) [DEP0169] DeprecationWarning: `url.parse()` behavior is not standardized and prone to errors that have security implications. Use the WHATWG URL API instead. CVEs are not issued for `url.parse()` vulnerabilities.
2026-10-07T20:33:50.3011397Z (Use `node --trace-deprecation ...` to show where the warning was created)
2026-10-07T20:33:50.5414580Z Progress: resolved 1, reused 0, downloaded 0, added 0
2026-10-07T20:33:50.5483874Z Packages: +1
2026-10-07T20:33:50.5484434Z +
2026-10-07T20:33:50.8393123Z Progress: resolved 1, reused 0, downloaded 1, added 1, done
2026-10-07T20:33:50.8606520Z 
2026-10-07T20:33:50.8607588Z dependencies:
2026-10-07T20:33:50.8607971Z + pnpm 10.26.0 (12.10.1 is available)
2026-10-07T20:33:50.8608168Z 
2026-10-07T20:33:50.8624413Z Done in 700ms
2026-10-07T20:33:50.8782791Z ##[endgroup]
2026-10-07T20:33:50.8783183Z Installation Completed!
2026-10-07T20:33:50.8895675Z ##[group]Run npm ci
2026-10-07T20:33:50.8895860Z [36;1mnpm ci[0m
2026-10-07T20:33:50.9115195Z shell: /usr/bin/bash -e {0}
2026-10-07T20:33:50.9115353Z env:
2026-10-07T20:33:50.9115501Z   PNPM_HOME: /home/runner/setup-pnpm/node_modules/.bin
2026-10-07T20:33:50.9115680Z ##[endgroup]
2026-10-07T20:33:52.3042100Z 
2026-10-07T20:33:52.3043044Z added 20 packages, and audited 21 packages in 1s
2026-10-07T20:33:52.3043344Z 
2026-10-07T20:33:52.3043493Z 17 packages are looking for funding
2026-10-07T20:33:52.3043771Z   run `npm fund` for details
2026-10-07T20:33:52.3047520Z 
2026-10-07T20:33:52.3047913Z found 0 vulnerabilities
2026-10-07T20:33:52.3390951Z ##[group]Run node bin/index.mjs e2e-app --framework react-vite --package-manager pnpm --yes --no-start
2026-10-07T20:33:52.3391358Z [36;1mnode bin/index.mjs e2e-app --framework react-vite --package-manager pnpm --yes --no-start[0m
2026-10-07T20:33:52.3443384Z shell: /usr/bin/bash -e {0}
2026-10-07T20:33:52.3443531Z env:
2026-10-07T20:33:52.3443671Z   PNPM_HOME: /home/runner/setup-pnpm/node_modules/.bin
2026-10-07T20:33:52.3443891Z ##[endgroup]
2026-10-07T20:33:52.4183303Z 
2026-10-07T20:33:52.4184266Z ┌─────────────────────────────────────────────────────────────────────────────┐
2026-10-07T20:33:52.4184864Z │                                                                             │
2026-10-07T20:33:52.4185154Z │    ███████╗███████╗██████╗                                                  │
2026-10-07T20:33:52.4185459Z │    ██╔════╝██╔════╝██╔══██╗                                                 │
2026-10-07T20:33:52.4185845Z │    █████╗  ███████╗██║  ██║                                                 │
2026-10-07T20:33:52.4186115Z │    ██╔══╝  ╚════██║██║  ██║                                                 │
2026-10-07T20:33:52.4186380Z │    ██║     ███████║██████╔╝                                                 │
2026-10-07T20:33:52.4186643Z │    ╚═╝     ╚══════╝╚═════╝                                                  │
2026-10-07T20:33:52.4187050Z │                                                                             │
2026-10-07T20:33:52.4187652Z │           ◢◤◢◤◢◤  FEATURE-SLICED DESIGN ARCHITECTURE  ◢◤◢◤◢◤                │
2026-10-07T20:33:52.4187927Z │                                                                             │
2026-10-07T20:33:52.4188221Z │   app → pages → widgets → features → entities → shared                     │
2026-10-07T20:33:52.4188576Z │                                                                             │
2026-10-07T20:33:52.4188866Z │   Scalable • Maintainable • Enterprise Frontend Architecture                │
2026-10-07T20:33:52.4189164Z │                                                                             │
2026-10-07T20:33:52.4189454Z └─────────────────────────────────────────────────────────────────────────────┘
2026-10-07T20:33:52.4189589Z 
2026-10-07T20:33:52.4189851Z - Downloading template...
2026-10-07T20:33:52.7243227Z [32m✔[39m Template downloaded at verified immutable commit.
2026-10-07T20:33:52.7375694Z - Configuring FSD stack, Git, and Husky...
2026-10-07T20:33:52.7376453Z [32m✔[39m FSD stack, Git, and Husky configured.
2026-10-07T20:33:52.7376787Z - Installing dependencies...
2026-10-07T20:33:57.5398237Z [32m✔[39m Dependencies installed.
2026-10-07T20:33:57.5398586Z - Verifying Commitlint...
2026-10-07T20:33:57.9704424Z [32m✔[39m Commitlint rejected invalid message "test".
2026-10-07T20:33:57.9705000Z 
2026-10-07T20:33:57.9705109Z   Project created successfully!
2026-10-07T20:33:57.9706827Z 
2026-10-07T20:33:57.9707035Z   Next steps:
2026-10-07T20:33:57.9707170Z 
2026-10-07T20:33:57.9707442Z     $ cd e2e-app
2026-10-07T20:33:57.9708097Z     $ pnpm dev
2026-10-07T20:33:57.9708380Z 
2026-10-07T20:33:57.9811987Z ##[group]Run node ../bin/index.mjs -g feature checkout
2026-10-07T20:33:57.9812248Z [36;1mnode ../bin/index.mjs -g feature checkout[0m
2026-10-07T20:33:57.9812413Z [36;1mpnpm run ci[0m
2026-10-07T20:33:57.9867166Z shell: /usr/bin/bash -e {0}
2026-10-07T20:33:57.9867314Z env:
2026-10-07T20:33:57.9867458Z   PNPM_HOME: /home/runner/setup-pnpm/node_modules/.bin
2026-10-07T20:33:57.9867648Z ##[endgroup]
2026-10-07T20:33:58.0611078Z 
2026-10-07T20:33:58.0613571Z   Slice generated successfully!
2026-10-07T20:33:58.0613810Z 
2026-10-07T20:33:58.0613909Z   Created files:
2026-10-07T20:33:58.0631886Z     - src/features/checkout/model/checkout.types.ts
2026-10-07T20:33:58.0632304Z     - src/features/checkout/ui/checkout-view.tsx
2026-10-07T20:33:58.0632686Z     - src/features/checkout/api/checkout.api.ts
2026-10-07T20:33:58.0632964Z     - src/features/checkout/api/checkout.query.ts
2026-10-07T20:33:58.0633200Z     - src/features/checkout/lib/checkout.keys.ts
2026-10-07T20:33:58.0633604Z     - src/features/checkout/model/checkout.store.ts
2026-10-07T20:33:58.0633837Z     - src/features/checkout/lib/checkout.helpers.ts
2026-10-07T20:33:58.0634032Z     - src/features/checkout/index.ts
2026-10-07T20:33:58.0634164Z 
2026-10-07T20:33:58.2285746Z 
2026-10-07T20:33:58.2286552Z > fsd-architecture-starter@0.0.0 ci /home/runner/work/cli/cli/e2e-app
2026-10-07T20:33:58.2287064Z > npm run fsd:check && npm run lint && npm run build
2026-10-07T20:33:58.2287254Z 
2026-10-07T20:33:58.3005035Z 
2026-10-07T20:33:58.3005793Z > fsd-architecture-starter@0.0.0 fsd:check
2026-10-07T20:33:58.3006159Z > steiger ./src
2026-10-07T20:33:58.3006277Z 
2026-10-07T20:33:58.8556518Z [32m✔ No problems found![39m
2026-10-07T20:33:58.9446132Z 
2026-10-07T20:33:58.9446860Z > fsd-architecture-starter@0.0.0 lint
2026-10-07T20:33:58.9448785Z > eslint .
2026-10-07T20:33:58.9448890Z 
2026-10-07T20:34:00.2220993Z 
2026-10-07T20:34:00.2221672Z > fsd-architecture-starter@0.0.0 build
2026-10-07T20:34:00.2222059Z > tsc -b && vite build
2026-10-07T20:34:00.2222185Z 
2026-10-07T20:34:01.4955766Z [36mvite v8.3.3 [32mbuilding client environment for production...[36m[39m
2026-10-07T20:34:01.5065110Z transforming...
2026-10-07T20:34:01.5838002Z ✓ 88 modules transformed.
2026-10-07T20:34:01.6041931Z rendering chunks...
2026-10-07T20:34:01.6406030Z computing gzip size...
2026-10-07T20:34:01.6442012Z dist/index.html                   0.47 kB │ gzip:   0.30 kB
2026-10-07T20:34:01.6442933Z dist/assets/index-8JAHgINJ.css   17.17 kB │ gzip:   4.08 kB
2026-10-07T20:34:01.6443211Z dist/assets/index-Ca1mWS0n.js   344.85 kB │ gzip: 108.25 kB
2026-10-07T20:34:01.6443359Z 
2026-10-07T20:34:01.6457401Z [32m✓ built in 149ms[39m
2026-10-07T20:34:01.6846652Z Post job cleanup.
2026-10-07T20:34:01.7728111Z Pruning is unnecessary.
2026-10-07T20:34:01.7911009Z Post job cleanup.
2026-10-07T20:34:01.8673618Z (node:2408) [DEP0040] DeprecationWarning: The `punycode` module is deprecated. Please use a userland alternative instead.
2026-10-07T20:34:01.8674109Z (Use `node --trace-deprecation ...` to show where the warning was created)
2026-10-07T20:34:01.8820600Z Post job cleanup.
2026-10-07T20:34:01.9405311Z [command]/usr/bin/git version
2026-10-07T20:34:01.9435460Z git version 2.55.0
2026-10-07T20:34:01.9463112Z Temporarily overriding HOME='/home/runner/work/_temp/46e65ecc-5465-492c-9b49-7a734990fca6' before making global git config changes
2026-10-07T20:34:01.9463710Z Adding repository directory to the temporary git global config as a safe directory
2026-10-07T20:34:01.9467487Z [command]/usr/bin/git config --global --add safe.directory /home/runner/work/cli/cli
2026-10-07T20:34:01.9505918Z [command]/usr/bin/git config --local --name-only --get-regexp core\.sshCommand
2026-10-07T20:34:01.9538450Z [command]/usr/bin/git submodule foreach --recursive sh -c "git config --local --name-only --get-regexp 'core\.sshCommand' && git config --local --unset-all 'core.sshCommand' || :"
2026-10-07T20:34:01.9787936Z [command]/usr/bin/git config --local --name-only --get-regexp http\.https\:\/\/github\.com\/\.extraheader
2026-10-07T20:34:01.9816917Z http.https://github.com/.extraheader
2026-10-07T20:34:01.9834331Z [command]/usr/bin/git config --local --unset-all http.https://github.com/.extraheader
2026-10-07T20:34:01.9863394Z [command]/usr/bin/git submodule foreach --recursive sh -c "git config --local --name-only --get-regexp 'http\.https\:\/\/github\.com\/\.extraheader' && git config --local --unset-all 'http.https://github.com/.extraheader' || :"
2026-10-07T20:34:02.0064593Z [command]/usr/bin/git config --local --name-only --get-regexp ^includeIf\.gitdir:
2026-10-07T20:34:02.0095429Z [command]/usr/bin/git submodule foreach --recursive git config --local --show-origin --name-only --get-regexp remote.origin.url
2026-10-07T20:34:02.0394182Z Cleaning up orphan processes
2026-10-07T20:34:02.0589162Z ##[warning]Node.js 20 is deprecated. The following actions target Node.js 20 but are being forced to run on Node.js 24: actions/checkout@v4, actions/setup-node@v4, pnpm/action-setup@v4. For more information see: https://github.blog/changelog/2025-09-19-deprecation-of-node-20-on-github-actions-runners/

