2026-10-07T20:33:48.6427699Z Current runner version: '2.337.0'
2026-10-07T20:33:48.6453178Z ##[group]Runner Image Provisioner
2026-10-07T20:33:48.6454053Z Hosted Compute Agent
2026-10-07T20:33:48.6454980Z Version: 20261002.596
2026-10-07T20:33:48.6455678Z Commit: c3d12f3313a95f25162a1503be624f3b0617f8c0
2026-10-07T20:33:48.6456464Z Build Date: 2026-10-02T22:28:27Z
2026-10-07T20:33:48.6457266Z Worker ID: {cf44a03b-c055-4659-a064-96253787a8e6}
2026-10-07T20:33:48.6458121Z Region: westus
2026-10-07T20:33:48.6458671Z Cloud: Azure
2026-10-07T20:33:48.6459300Z ##[endgroup]
2026-10-07T20:33:48.6460941Z ##[group]Operating System
2026-10-07T20:33:48.6461761Z Ubuntu
2026-10-07T20:33:48.6462310Z 24.04.5
2026-10-07T20:33:48.6462832Z LTS
2026-10-07T20:33:48.6463431Z ##[endgroup]
2026-10-07T20:33:48.6464006Z ##[group]Runner Image
2026-10-07T20:33:48.6465095Z Image: ubuntu-24.04
2026-10-07T20:33:48.6465798Z Version: 20261004.327.1
2026-10-07T20:33:48.6467181Z Included Software: https://github.com/actions/runner-images/blob/ubuntu24/20261004.327/images/ubuntu/Ubuntu2404-Readme.md
2026-10-07T20:33:48.6468780Z Image Release: https://github.com/actions/runner-images/releases/tag/ubuntu24%2F20261004.327
2026-10-07T20:33:48.6469838Z ##[endgroup]
2026-10-07T20:33:48.6471064Z ##[group]GITHUB_TOKEN Permissions
2026-10-07T20:33:48.6473053Z Contents: read
2026-10-07T20:33:48.6473719Z Metadata: read
2026-10-07T20:33:48.6474335Z ##[endgroup]
2026-10-07T20:33:48.6476770Z Secret source: Actions
2026-10-07T20:33:48.6477724Z Cache mode: write
2026-10-07T20:33:48.6478568Z Prepare workflow directory
2026-10-07T20:33:48.7139106Z Prepare all required actions
2026-10-07T20:33:48.7189850Z Getting action download info
2026-10-07T20:33:49.0466678Z Download action repository 'actions/checkout@v4' (SHA:11d5960a326750d5838078e36cf38b85af677262)
2026-10-07T20:33:49.1607728Z Download action repository 'actions/setup-node@v4' (SHA:49933ea5288caeca8642d1e84afbd3f7d6820020)
2026-10-07T20:33:49.2466473Z Download action repository 'actions/upload-artifact@v4' (SHA:ea165f8d65b6e75b540449e92b4886f43607fa02)
2026-10-07T20:33:49.4543117Z Complete job name: Cross-OS smoke / ubuntu-latest
2026-10-07T20:33:49.5298193Z ##[group]Run actions/checkout@v4
2026-10-07T20:33:49.5299246Z with:
2026-10-07T20:33:49.5299727Z   repository: FSD-CLI/cli
2026-10-07T20:33:49.5303918Z   token: ***
2026-10-07T20:33:49.5304364Z   ssh-strict: true
2026-10-07T20:33:49.5305305Z   ssh-user: git
2026-10-07T20:33:49.5305794Z   persist-credentials: true
2026-10-07T20:33:49.5306317Z   clean: true
2026-10-07T20:33:49.5306778Z   sparse-checkout-cone-mode: true
2026-10-07T20:33:49.5307332Z   fetch-depth: 1
2026-10-07T20:33:49.5307784Z   fetch-tags: false
2026-10-07T20:33:49.5308315Z   show-progress: true
2026-10-07T20:33:49.5308783Z   lfs: false
2026-10-07T20:33:49.5309208Z   submodules: false
2026-10-07T20:33:49.5309674Z   set-safe-directory: true
2026-10-07T20:33:49.5310202Z   allow-unsafe-pr-checkout: false
2026-10-07T20:33:49.5311180Z env:
2026-10-07T20:33:49.5311733Z   CI_ARTIFACTS_DIR: /home/runner/work/cli/cli/ci-artifacts
2026-10-07T20:33:49.5312441Z ##[endgroup]
2026-10-07T20:33:49.6354487Z Syncing repository: FSD-CLI/cli
2026-10-07T20:33:49.6356851Z ##[group]Getting Git version info
2026-10-07T20:33:49.6357780Z Working directory is '/home/runner/work/cli/cli'
2026-10-07T20:33:49.6358839Z [command]/usr/bin/git version
2026-10-07T20:33:49.6409465Z git version 2.55.0
2026-10-07T20:33:49.6433536Z ##[endgroup]
2026-10-07T20:33:49.6454209Z Temporarily overriding HOME='/home/runner/work/_temp/3c01c7af-cdd4-4374-86e9-b819f8657c1c' before making global git config changes
2026-10-07T20:33:49.6456862Z Adding repository directory to the temporary git global config as a safe directory
2026-10-07T20:33:49.6460743Z [command]/usr/bin/git config --global --add safe.directory /home/runner/work/cli/cli
2026-10-07T20:33:49.6513651Z Deleting the contents of '/home/runner/work/cli/cli'
2026-10-07T20:33:49.6519429Z ##[group]Initializing the repository
2026-10-07T20:33:49.6524198Z [command]/usr/bin/git init /home/runner/work/cli/cli
2026-10-07T20:33:49.6638345Z hint: Using 'master' as the name for the initial branch. This default branch name
2026-10-07T20:33:49.6640356Z hint: will change to "main" in Git 3.0. To configure the initial branch name
2026-10-07T20:33:49.6642175Z hint: to use in all of your new repositories, which will suppress this warning,
2026-10-07T20:33:49.6643341Z hint: call:
2026-10-07T20:33:49.6644009Z hint:
2026-10-07T20:33:49.6645145Z hint: 	git config --global init.defaultBranch <name>
2026-10-07T20:33:49.6646004Z hint:
2026-10-07T20:33:49.6646804Z hint: Names commonly chosen instead of 'master' are 'main', 'trunk' and
2026-10-07T20:33:49.6648128Z hint: 'development'. The just-created branch can be renamed via this command:
2026-10-07T20:33:49.6649168Z hint:
2026-10-07T20:33:49.6649732Z hint: 	git branch -m <name>
2026-10-07T20:33:49.6650376Z hint:
2026-10-07T20:33:49.6651243Z hint: Disable this message with "git config set advice.defaultBranchName false"
2026-10-07T20:33:49.6666151Z Initialized empty Git repository in /home/runner/work/cli/cli/.git/
2026-10-07T20:33:49.6672835Z [command]/usr/bin/git remote add origin https://github.com/FSD-CLI/cli
2026-10-07T20:33:49.6724848Z ##[endgroup]
2026-10-07T20:33:49.6725706Z ##[group]Disabling automatic garbage collection
2026-10-07T20:33:49.6729471Z [command]/usr/bin/git config --local gc.auto 0
2026-10-07T20:33:49.6764970Z ##[endgroup]
2026-10-07T20:33:49.6765790Z ##[group]Setting up auth
2026-10-07T20:33:49.6773454Z [command]/usr/bin/git config --local --name-only --get-regexp core\.sshCommand
2026-10-07T20:33:49.6807346Z [command]/usr/bin/git submodule foreach --recursive sh -c "git config --local --name-only --get-regexp 'core\.sshCommand' && git config --local --unset-all 'core.sshCommand' || :"
2026-10-07T20:33:49.7229252Z [command]/usr/bin/git config --local --name-only --get-regexp http\.https\:\/\/github\.com\/\.extraheader
2026-10-07T20:33:49.7269860Z [command]/usr/bin/git submodule foreach --recursive sh -c "git config --local --name-only --get-regexp 'http\.https\:\/\/github\.com\/\.extraheader' && git config --local --unset-all 'http.https://github.com/.extraheader' || :"
2026-10-07T20:33:49.7535167Z [command]/usr/bin/git config --local --name-only --get-regexp ^includeIf\.gitdir:
2026-10-07T20:33:49.7580854Z [command]/usr/bin/git submodule foreach --recursive git config --local --show-origin --name-only --get-regexp remote.origin.url
2026-10-07T20:33:49.7833893Z [command]/usr/bin/git config --local http.https://github.com/.extraheader AUTHORIZATION: basic ***
2026-10-07T20:33:49.7877080Z ##[endgroup]
2026-10-07T20:33:49.7878067Z ##[group]Fetching the repository
2026-10-07T20:33:49.7887407Z [command]/usr/bin/git -c protocol.version=2 fetch --no-tags --prune --no-recurse-submodules --depth=1 origin +fcde52a0b801a6d57b4d5914596dde72bf490ae9:refs/remotes/origin/main
2026-10-07T20:33:50.3342894Z From https://github.com/FSD-CLI/cli
2026-10-07T20:33:50.3344954Z  * [new ref]         fcde52a0b801a6d57b4d5914596dde72bf490ae9 -> origin/main
2026-10-07T20:33:50.3348455Z ##[endgroup]
2026-10-07T20:33:50.3350015Z ##[group]Determining the checkout info
2026-10-07T20:33:50.3351801Z ##[endgroup]
2026-10-07T20:33:50.3356867Z [command]/usr/bin/git sparse-checkout disable
2026-10-07T20:33:50.3427044Z [command]/usr/bin/git config --local --unset-all extensions.worktreeConfig
2026-10-07T20:33:50.3460328Z ##[group]Checking out the ref
2026-10-07T20:33:50.3465250Z [command]/usr/bin/git checkout --progress --force -B main refs/remotes/origin/main
2026-10-07T20:33:50.3740419Z Switched to a new branch 'main'
2026-10-07T20:33:50.3744451Z branch 'main' set up to track 'origin/main'.
2026-10-07T20:33:50.3751664Z ##[endgroup]
2026-10-07T20:33:50.3798283Z [command]/usr/bin/git log -1 --format=%H
2026-10-07T20:33:50.3828506Z fcde52a0b801a6d57b4d5914596dde72bf490ae9
2026-10-07T20:33:50.4133661Z ##[group]Run actions/setup-node@v4
2026-10-07T20:33:50.4134320Z with:
2026-10-07T20:33:50.4135093Z   node-version: 22
2026-10-07T20:33:50.4135566Z   cache: npm
2026-10-07T20:33:50.4136010Z   always-auth: false
2026-10-07T20:33:50.4209376Z   check-latest: false
2026-10-07T20:33:50.4218173Z   token: ***
2026-10-07T20:33:50.4219017Z env:
2026-10-07T20:33:50.4219935Z   CI_ARTIFACTS_DIR: /home/runner/work/cli/cli/ci-artifacts
2026-10-07T20:33:50.4221085Z ##[endgroup]
2026-10-07T20:33:50.5701468Z Found in cache @ /opt/hostedtoolcache/node/22.23.3/x64
2026-10-07T20:33:50.5705734Z (node:2320) [DEP0040] DeprecationWarning: The `punycode` module is deprecated. Please use a userland alternative instead.
2026-10-07T20:33:50.5707500Z (Use `node --trace-deprecation ...` to show where the warning was created)
2026-10-07T20:33:50.5710005Z ##[group]Environment details
2026-10-07T20:33:50.9748979Z node: v22.23.3
2026-10-07T20:33:50.9751176Z npm: 10.9.9
2026-10-07T20:33:50.9752434Z yarn: 1.22.22
2026-10-07T20:33:50.9755309Z ##[endgroup]
2026-10-07T20:33:50.9801159Z [command]/opt/hostedtoolcache/node/22.23.3/x64/bin/npm config get cache
2026-10-07T20:33:51.1011692Z /home/runner/.npm
2026-10-07T20:33:51.3586989Z Cache hit for: node-cache-Linux-x64-npm-23d63e89653b8653f138c2b1c17b159292afb1767abeb11860d5374b734ce295
2026-10-07T20:33:51.3702848Z (node:2320) [DEP0169] DeprecationWarning: `url.parse()` behavior is not standardized and prone to errors that have security implications. Use the WHATWG URL API instead. CVEs are not issued for `url.parse()` vulnerabilities.
2026-10-07T20:33:51.9378320Z Received 137127 of 137127 (100.0%), 0.5 MBs/sec
2026-10-07T20:33:51.9379250Z Cache Size: ~0 MB (137127 B)
2026-10-07T20:33:51.9406158Z [command]/usr/bin/tar -xf /home/runner/work/_temp/83eae218-27e4-44b8-974c-d59ca45898a8/cache.tzst -P -C /home/runner/work/cli/cli --use-compress-program unzstd
2026-10-07T20:33:51.9515484Z Cache restored successfully
2026-10-07T20:33:51.9520083Z Cache restored from key: node-cache-Linux-x64-npm-23d63e89653b8653f138c2b1c17b159292afb1767abeb11860d5374b734ce295
2026-10-07T20:33:51.9690604Z ##[group]Run npm ci
2026-10-07T20:33:51.9690901Z [36;1mnpm ci[0m
2026-10-07T20:33:51.9950465Z shell: /usr/bin/bash -e {0}
2026-10-07T20:33:51.9950874Z env:
2026-10-07T20:33:51.9951250Z   CI_ARTIFACTS_DIR: /home/runner/work/cli/cli/ci-artifacts
2026-10-07T20:33:51.9951741Z ##[endgroup]
2026-10-07T20:33:52.7785648Z 
2026-10-07T20:33:52.7795141Z added 20 packages, and audited 21 packages in 720ms
2026-10-07T20:33:52.7795792Z 
2026-10-07T20:33:52.7796229Z 17 packages are looking for funding
2026-10-07T20:33:52.7796963Z   run `npm fund` for details
2026-10-07T20:33:52.7798224Z 
2026-10-07T20:33:52.7798575Z found 0 vulnerabilities
2026-10-07T20:33:52.8221651Z ##[group]Run node scripts/ci/os-smoke.mjs
2026-10-07T20:33:52.8222048Z [36;1mnode scripts/ci/os-smoke.mjs[0m
2026-10-07T20:33:52.8289267Z shell: /usr/bin/bash -e {0}
2026-10-07T20:33:52.8289566Z env:
2026-10-07T20:33:52.8289865Z   CI_ARTIFACTS_DIR: /home/runner/work/cli/cli/ci-artifacts
2026-10-07T20:33:52.8290240Z ##[endgroup]
2026-10-07T20:33:52.8681283Z 
2026-10-07T20:33:52.8683593Z [01-create] ["/opt/hostedtoolcache/node/22.23.3/x64/bin/node","/home/runner/work/cli/cli/bin/index.mjs","os-smoke-app","--framework","react-vite","--package-manager","npm","--yes","--no-install","--no-start"]
2026-10-07T20:33:53.4520818Z 
2026-10-07T20:33:53.4522150Z ┌─────────────────────────────────────────────────────────────────────────────┐
2026-10-07T20:33:53.4523523Z │                                                                             │
2026-10-07T20:33:53.4525075Z │    ███████╗███████╗██████╗                                                  │
2026-10-07T20:33:53.4526576Z │    ██╔════╝██╔════╝██╔══██╗                                                 │
2026-10-07T20:33:53.4529962Z │    █████╗  ███████╗██║  ██║                                                 │
2026-10-07T20:33:53.4531538Z │    ██╔══╝  ╚════██║██║  ██║                                                 │
2026-10-07T20:33:53.4533056Z │    ██║     ███████║██████╔╝                                                 │
2026-10-07T20:33:53.4536230Z │    ╚═╝     ╚══════╝╚═════╝                                                  │
2026-10-07T20:33:53.4537830Z │                                                                             │
2026-10-07T20:33:53.4539986Z │           ◢◤◢◤◢◤  FEATURE-SLICED DESIGN ARCHITECTURE  ◢◤◢◤◢◤                │
2026-10-07T20:33:53.4540812Z │                                                                             │
2026-10-07T20:33:53.4541445Z │   app → pages → widgets → features → entities → shared                     │
2026-10-07T20:33:53.4542473Z │                                                                             │
2026-10-07T20:33:53.4543091Z │   Scalable • Maintainable • Enterprise Frontend Architecture                │
2026-10-07T20:33:53.4543689Z │                                                                             │
2026-10-07T20:33:53.4544257Z └─────────────────────────────────────────────────────────────────────────────┘
2026-10-07T20:33:53.4544516Z 
2026-10-07T20:33:53.4545349Z   Commitlint verification skipped until dependencies are installed.
2026-10-07T20:33:53.4545946Z 
2026-10-07T20:33:53.4546229Z   Project created successfully!
2026-10-07T20:33:53.4546571Z 
2026-10-07T20:33:53.4546737Z   Next steps:
2026-10-07T20:33:53.4546953Z 
2026-10-07T20:33:53.4547117Z     $ cd os-smoke-app
2026-10-07T20:33:53.4547518Z     $ npm install
2026-10-07T20:33:53.4547915Z     $ npm run dev
2026-10-07T20:33:53.4548131Z 
2026-10-07T20:33:53.4548436Z - Downloading template...
2026-10-07T20:33:53.4549540Z [32m✔[39m Template downloaded at verified immutable commit.
2026-10-07T20:33:53.4550076Z - Configuring FSD stack, Git, and Husky...
2026-10-07T20:33:53.4550533Z [32m✔[39m FSD stack, Git, and Husky configured.
2026-10-07T20:33:53.4550764Z 
2026-10-07T20:33:53.4551391Z [02-generate-feature] ["/opt/hostedtoolcache/node/22.23.3/x64/bin/node","/home/runner/work/cli/cli/bin/index.mjs","--generate","feature","checkout"]
2026-10-07T20:33:53.5705424Z 
2026-10-07T20:33:53.5706479Z   Slice generated successfully!
2026-10-07T20:33:53.5706789Z 
2026-10-07T20:33:53.5706942Z   Created files:
2026-10-07T20:33:53.5707463Z     - src/features/checkout/model/checkout.types.ts
2026-10-07T20:33:53.5707930Z     - src/features/checkout/ui/checkout-view.tsx
2026-10-07T20:33:53.5708318Z     - src/features/checkout/api/checkout.api.ts
2026-10-07T20:33:53.5708704Z     - src/features/checkout/api/checkout.query.ts
2026-10-07T20:33:53.5709091Z     - src/features/checkout/lib/checkout.keys.ts
2026-10-07T20:33:53.5709489Z     - src/features/checkout/model/checkout.store.ts
2026-10-07T20:33:53.5710129Z     - src/features/checkout/lib/checkout.helpers.ts
2026-10-07T20:33:53.5710518Z     - src/features/checkout/index.ts
2026-10-07T20:33:53.5710717Z 
2026-10-07T20:33:53.5710728Z 
2026-10-07T20:33:53.5711368Z [03-generate-entity] ["/opt/hostedtoolcache/node/22.23.3/x64/bin/node","/home/runner/work/cli/cli/bin/index.mjs","--generate","entity","product"]
2026-10-07T20:33:53.6864117Z 
2026-10-07T20:33:53.6864941Z   Slice generated successfully!
2026-10-07T20:33:53.6865365Z 
2026-10-07T20:33:53.6865539Z   Created files:
2026-10-07T20:33:53.6866124Z     - src/entities/product/model/product.types.ts
2026-10-07T20:33:53.6866833Z     - src/entities/product/ui/product-card.tsx
2026-10-07T20:33:53.6867517Z     - src/entities/product/index.ts
2026-10-07T20:33:53.6867845Z 
2026-10-07T20:33:53.6867857Z 
2026-10-07T20:33:53.6868993Z [04-generate-widget] ["/opt/hostedtoolcache/node/22.23.3/x64/bin/node","/home/runner/work/cli/cli/bin/index.mjs","--generate","widget","cart-summary"]
2026-10-07T20:33:53.8016742Z 
2026-10-07T20:33:53.8017441Z   Slice generated successfully!
2026-10-07T20:33:53.8018582Z 
2026-10-07T20:33:53.8018787Z   Created files:
2026-10-07T20:33:53.8019389Z     - src/widgets/cart-summary/ui/cart-summary.tsx
2026-10-07T20:33:53.8020063Z     - src/widgets/cart-summary/index.ts
2026-10-07T20:33:53.8020416Z 
2026-10-07T20:33:53.8020427Z 
2026-10-07T20:33:53.8021524Z [05-generate-page] ["/opt/hostedtoolcache/node/22.23.3/x64/bin/node","/home/runner/work/cli/cli/bin/index.mjs","--generate","page","account"]
2026-10-07T20:33:53.9196535Z 
2026-10-07T20:33:53.9197212Z   Slice generated successfully!
2026-10-07T20:33:53.9197966Z 
2026-10-07T20:33:53.9198205Z   Created files:
2026-10-07T20:33:53.9198943Z     - src/pages/account/ui/account-page.tsx
2026-10-07T20:33:53.9199923Z     - src/pages/account/index.ts
2026-10-07T20:33:53.9200697Z     - src/app/routing/index.tsx
2026-10-07T20:33:53.9201167Z 
2026-10-07T20:33:53.9207531Z 
2026-10-07T20:33:53.9208645Z [06-generate-auth] ["/opt/hostedtoolcache/node/22.23.3/x64/bin/node","/home/runner/work/cli/cli/bin/index.mjs","--generate","feature","auth"]
2026-10-07T20:33:54.0375302Z 
2026-10-07T20:33:54.0375811Z   Slice generated successfully!
2026-10-07T20:33:54.0376167Z 
2026-10-07T20:33:54.0376338Z   Created files:
2026-10-07T20:33:54.0376778Z     - src/features/auth/model/login.types.ts
2026-10-07T20:33:54.0377205Z     - src/features/auth/model/register.types.ts
2026-10-07T20:33:54.0377659Z     - src/features/auth/model/forgot-password.types.ts
2026-10-07T20:33:54.0378122Z     - src/features/auth/model/reset-password.types.ts
2026-10-07T20:33:54.0378599Z     - src/features/auth/model/verify-code.types.ts
2026-10-07T20:33:54.0379024Z     - src/features/auth/api/login.api.ts
2026-10-07T20:33:54.0379401Z     - src/features/auth/api/register.api.ts
2026-10-07T20:33:54.0379821Z     - src/features/auth/api/forgot-password.api.ts
2026-10-07T20:33:54.0380285Z     - src/features/auth/api/reset-password.api.ts
2026-10-07T20:33:54.0380713Z     - src/features/auth/api/verify-code.api.ts
2026-10-07T20:33:54.0381222Z     - src/features/auth/api/auth.query.ts
2026-10-07T20:33:54.0381592Z     - src/features/auth/lib/auth.keys.ts
2026-10-07T20:33:54.0381968Z     - src/features/auth/model/auth.types.ts
2026-10-07T20:33:54.0382347Z     - src/features/auth/model/auth.store.ts
2026-10-07T20:33:54.0382726Z     - src/features/auth/lib/auth.helpers.ts
2026-10-07T20:33:54.0383109Z     - src/features/auth/model/login.schema.ts
2026-10-07T20:33:54.0383511Z     - src/features/auth/model/register.schema.ts
2026-10-07T20:33:54.0383962Z     - src/features/auth/model/forgot-password.schema.ts
2026-10-07T20:33:54.0384482Z     - src/features/auth/model/reset-password.schema.ts
2026-10-07T20:33:54.0385439Z     - src/features/auth/model/verify-code.schema.ts
2026-10-07T20:33:54.0386151Z     - src/features/auth/ui/login-form.tsx
2026-10-07T20:33:54.0386750Z     - src/features/auth/ui/register-form.tsx
2026-10-07T20:33:54.0387391Z     - src/features/auth/ui/forgot-password-form.tsx
2026-10-07T20:33:54.0388378Z     - src/features/auth/ui/reset-password-form.tsx
2026-10-07T20:33:54.0389048Z     - src/features/auth/ui/verify-code-form.tsx
2026-10-07T20:33:54.0389633Z     - src/features/auth/index.ts
2026-10-07T20:33:54.0389934Z 
2026-10-07T20:33:54.0389982Z 
2026-10-07T20:33:54.0390527Z [07-check] ["/opt/hostedtoolcache/node/22.23.3/x64/bin/node","/home/runner/work/cli/cli/bin/index.mjs","check"]
2026-10-07T20:33:54.1507975Z 
2026-10-07T20:33:54.1508539Z   FSD check
2026-10-07T20:33:54.1508801Z 
2026-10-07T20:33:54.1509315Z   PASS  FSD configuration — react-vite
2026-10-07T20:33:54.1509769Z   PASS  package.json — found
2026-10-07T20:33:54.1510160Z   PASS  FSD layer: app — src/app
2026-10-07T20:33:54.1510562Z   PASS  FSD layer: pages — src/pages
2026-10-07T20:33:54.1510980Z   PASS  FSD layer: widgets — src/widgets
2026-10-07T20:33:54.1511402Z   PASS  FSD layer: features — src/features
2026-10-07T20:33:54.1511824Z   PASS  FSD layer: entities — src/entities
2026-10-07T20:33:54.1512227Z   PASS  FSD layer: shared — src/shared
2026-10-07T20:33:54.1512443Z 
2026-10-07T20:33:54.1512471Z 
2026-10-07T20:33:54.1513024Z [08-doctor] ["/opt/hostedtoolcache/node/22.23.3/x64/bin/node","/home/runner/work/cli/cli/bin/index.mjs","doctor"]
2026-10-07T20:33:54.3480735Z 
2026-10-07T20:33:54.3481265Z   FSD doctor
2026-10-07T20:33:54.3481499Z 
2026-10-07T20:33:54.3481938Z   PASS  FSD configuration — react-vite
2026-10-07T20:33:54.3482440Z   PASS  package.json — found
2026-10-07T20:33:54.3482923Z   PASS  FSD layer: app — src/app
2026-10-07T20:33:54.3483402Z   PASS  FSD layer: pages — src/pages
2026-10-07T20:33:54.3484220Z   PASS  FSD layer: widgets — src/widgets
2026-10-07T20:33:54.3485084Z   PASS  FSD layer: features — src/features
2026-10-07T20:33:54.3485640Z   PASS  FSD layer: entities — src/entities
2026-10-07T20:33:54.3486162Z   PASS  FSD layer: shared — src/shared
2026-10-07T20:33:54.3486632Z   PASS  Node.js — v22.23.3
2026-10-07T20:33:54.3487167Z   PASS  Git — required for generated repositories
2026-10-07T20:33:54.3487743Z   PASS  npm — selected in fsd.config.json
2026-10-07T20:33:54.3488064Z 
2026-10-07T20:33:54.3488408Z 
2026-10-07T20:33:54.3489858Z [09-invalid-path] ["/opt/hostedtoolcache/node/22.23.3/x64/bin/node","/home/runner/work/cli/cli/bin/index.mjs","../outside","--framework","react-vite","--yes","--no-install","--no-start"]
2026-10-07T20:33:54.4597491Z   Error: Project directory must be created inside the current directory.
2026-10-07T20:33:54.4598218Z 
2026-10-07T20:33:54.4599260Z ┌─────────────────────────────────────────────────────────────────────────────┐
2026-10-07T20:33:54.4600617Z │                                                                             │
2026-10-07T20:33:54.4602022Z │    ███████╗███████╗██████╗                                                  │
2026-10-07T20:33:54.4603476Z │    ██╔════╝██╔════╝██╔══██╗                                                 │
2026-10-07T20:33:54.4604831Z │    █████╗  ███████╗██║  ██║                                                 │
2026-10-07T20:33:54.4606410Z │    ██╔══╝  ╚════██║██║  ██║                                                 │
2026-10-07T20:33:54.4607541Z │    ██║     ███████║██████╔╝                                                 │
2026-10-07T20:33:54.4608676Z │    ╚═╝     ╚══════╝╚═════╝                                                  │
2026-10-07T20:33:54.4609915Z │                                                                             │
2026-10-07T20:33:54.4610554Z │           ◢◤◢◤◢◤  FEATURE-SLICED DESIGN ARCHITECTURE  ◢◤◢◤◢◤                │
2026-10-07T20:33:54.4611108Z │                                                                             │
2026-10-07T20:33:54.4611723Z │   app → pages → widgets → features → entities → shared                     │
2026-10-07T20:33:54.4612280Z │                                                                             │
2026-10-07T20:33:54.4612854Z │   Scalable • Maintainable • Enterprise Frontend Architecture                │
2026-10-07T20:33:54.4613417Z │                                                                             │
2026-10-07T20:33:54.4613984Z └─────────────────────────────────────────────────────────────────────────────┘
2026-10-07T20:33:54.4614481Z 
2026-10-07T20:33:54.4615648Z [10-existing-target] ["/opt/hostedtoolcache/node/22.23.3/x64/bin/node","/home/runner/work/cli/cli/bin/index.mjs","existing-target","--framework","react-vite","--yes","--no-install","--no-start"]
2026-10-07T20:33:54.5715033Z   Error: Folder "existing-target" already exists. Re-run with --force to replace it.
2026-10-07T20:33:54.5715765Z 
2026-10-07T20:33:54.5716706Z ┌─────────────────────────────────────────────────────────────────────────────┐
2026-10-07T20:33:54.5718106Z │                                                                             │
2026-10-07T20:33:54.5719191Z │    ███████╗███████╗██████╗                                                  │
2026-10-07T20:33:54.5720294Z │    ██╔════╝██╔════╝██╔══██╗                                                 │
2026-10-07T20:33:54.5721394Z │    █████╗  ███████╗██║  ██║                                                 │
2026-10-07T20:33:54.5722470Z │    ██╔══╝  ╚════██║██║  ██║                                                 │
2026-10-07T20:33:54.5723568Z │    ██║     ███████║██████╔╝                                                 │
2026-10-07T20:33:54.5724529Z │    ╚═╝     ╚══════╝╚═════╝                                                  │
2026-10-07T20:33:54.5725987Z │                                                                             │
2026-10-07T20:33:54.5727124Z │           ◢◤◢◤◢◤  FEATURE-SLICED DESIGN ARCHITECTURE  ◢◤◢◤◢◤                │
2026-10-07T20:33:54.5728299Z │                                                                             │
2026-10-07T20:33:54.5729459Z │   app → pages → widgets → features → entities → shared                     │
2026-10-07T20:33:54.5730615Z │                                                                             │
2026-10-07T20:33:54.5731765Z │   Scalable • Maintainable • Enterprise Frontend Architecture                │
2026-10-07T20:33:54.5732896Z │                                                                             │
2026-10-07T20:33:54.5734021Z └─────────────────────────────────────────────────────────────────────────────┘
2026-10-07T20:33:54.5793260Z 
2026-10-07T20:33:54.5794148Z Cross-OS smoke passed. Logs: /home/runner/work/cli/cli/ci-artifacts/os-smoke
2026-10-07T20:33:54.6046164Z Post job cleanup.
2026-10-07T20:33:54.7307363Z (node:2491) [DEP0040] DeprecationWarning: The `punycode` module is deprecated. Please use a userland alternative instead.
2026-10-07T20:33:54.7308489Z (Use `node --trace-deprecation ...` to show where the warning was created)
2026-10-07T20:33:54.7311908Z Cache hit occurred on the primary key node-cache-Linux-x64-npm-23d63e89653b8653f138c2b1c17b159292afb1767abeb11860d5374b734ce295, not saving cache.
2026-10-07T20:33:54.7492084Z Post job cleanup.
2026-10-07T20:33:54.8358476Z [command]/usr/bin/git version
2026-10-07T20:33:54.8419094Z git version 2.55.0
2026-10-07T20:33:54.8463941Z Temporarily overriding HOME='/home/runner/work/_temp/8e4798b9-c4fc-4bf4-9202-209002a70347' before making global git config changes
2026-10-07T20:33:54.8465754Z Adding repository directory to the temporary git global config as a safe directory
2026-10-07T20:33:54.8470270Z [command]/usr/bin/git config --global --add safe.directory /home/runner/work/cli/cli
2026-10-07T20:33:54.8511244Z [command]/usr/bin/git config --local --name-only --get-regexp core\.sshCommand
2026-10-07T20:33:54.8546850Z [command]/usr/bin/git submodule foreach --recursive sh -c "git config --local --name-only --get-regexp 'core\.sshCommand' && git config --local --unset-all 'core.sshCommand' || :"
2026-10-07T20:33:54.8803970Z [command]/usr/bin/git config --local --name-only --get-regexp http\.https\:\/\/github\.com\/\.extraheader
2026-10-07T20:33:54.8833877Z http.https://github.com/.extraheader
2026-10-07T20:33:54.8848293Z [command]/usr/bin/git config --local --unset-all http.https://github.com/.extraheader
2026-10-07T20:33:54.8890947Z [command]/usr/bin/git submodule foreach --recursive sh -c "git config --local --name-only --get-regexp 'http\.https\:\/\/github\.com\/\.extraheader' && git config --local --unset-all 'http.https://github.com/.extraheader' || :"
2026-10-07T20:33:54.9148924Z [command]/usr/bin/git config --local --name-only --get-regexp ^includeIf\.gitdir:
2026-10-07T20:33:54.9190686Z [command]/usr/bin/git submodule foreach --recursive git config --local --show-origin --name-only --get-regexp remote.origin.url
2026-10-07T20:33:54.9602654Z Cleaning up orphan processes
2026-10-07T20:33:54.9921241Z ##[warning]Node.js 20 is deprecated. The following actions target Node.js 20 but are being forced to run on Node.js 24: actions/checkout@v4, actions/setup-node@v4. For more information see: https://github.blog/changelog/2025-09-19-deprecation-of-node-20-on-github-actions-runners/

