2026-10-07T20:33:46.3157443Z Current runner version: '2.337.0'
2026-10-07T20:33:46.3192241Z ##[group]Runner Image Provisioner
2026-10-07T20:33:46.3193679Z Hosted Compute Agent
2026-10-07T20:33:46.3195098Z Version: 20261002.596
2026-10-07T20:33:46.3196433Z Commit: c3d12f3313a95f25162a1503be624f3b0617f8c0
2026-10-07T20:33:46.3197864Z Build Date: 2026-10-02T22:28:27Z
2026-10-07T20:33:46.3199302Z Worker ID: {02220787-41e7-4b7f-8512-7312ca70fb8b}
2026-10-07T20:33:46.3200697Z Region: eastus
2026-10-07T20:33:46.3201720Z Cloud: Azure
2026-10-07T20:33:46.3202866Z ##[endgroup]
2026-10-07T20:33:46.3205661Z ##[group]Operating System
2026-10-07T20:33:46.3207000Z Ubuntu
2026-10-07T20:33:46.3207938Z 24.04.5
2026-10-07T20:33:46.3208846Z LTS
2026-10-07T20:33:46.3209999Z ##[endgroup]
2026-10-07T20:33:46.3211084Z ##[group]Runner Image
2026-10-07T20:33:46.3212311Z Image: ubuntu-24.04
2026-10-07T20:33:46.3213428Z Version: 20261004.327.1
2026-10-07T20:33:46.3216248Z Included Software: https://github.com/actions/runner-images/blob/ubuntu24/20261004.327/images/ubuntu/Ubuntu2404-Readme.md
2026-10-07T20:33:46.3219548Z Image Release: https://github.com/actions/runner-images/releases/tag/ubuntu24%2F20261004.327
2026-10-07T20:33:46.3221643Z ##[endgroup]
2026-10-07T20:33:46.3223634Z ##[group]GITHUB_TOKEN Permissions
2026-10-07T20:33:46.3226775Z Contents: read
2026-10-07T20:33:46.3227856Z Metadata: read
2026-10-07T20:33:46.3228981Z ##[endgroup]
2026-10-07T20:33:46.3232030Z Secret source: Actions
2026-10-07T20:33:46.3234005Z Cache mode: write
2026-10-07T20:33:46.3235638Z Prepare workflow directory
2026-10-07T20:33:46.3713918Z Prepare all required actions
2026-10-07T20:33:46.3785468Z Getting action download info
2026-10-07T20:33:46.6511746Z Download action repository 'actions/checkout@v4' (SHA:11d5960a326750d5838078e36cf38b85af677262)
2026-10-07T20:33:46.7515691Z Download action repository 'actions/setup-node@v4' (SHA:49933ea5288caeca8642d1e84afbd3f7d6820020)
2026-10-07T20:33:46.8550730Z Download action repository 'pnpm/action-setup@v4' (SHA:b906affcce14559ad1aafd4ab0e942779e9f58b1)
2026-10-07T20:33:47.1016191Z Download action repository 'oven-sh/setup-bun@v2' (SHA:0c5077e51419868618aeaa5fe8019c62421857d6)
2026-10-07T20:33:47.3492034Z Complete job name: React / yarn
2026-10-07T20:33:47.4317594Z ##[group]Run actions/checkout@v4
2026-10-07T20:33:47.4318482Z with:
2026-10-07T20:33:47.4318930Z   repository: FSD-CLI/cli
2026-10-07T20:33:47.4323584Z   token: ***
2026-10-07T20:33:47.4324360Z   ssh-strict: true
2026-10-07T20:33:47.4324964Z   ssh-user: git
2026-10-07T20:33:47.4325442Z   persist-credentials: true
2026-10-07T20:33:47.4325968Z   clean: true
2026-10-07T20:33:47.4326448Z   sparse-checkout-cone-mode: true
2026-10-07T20:33:47.4327010Z   fetch-depth: 1
2026-10-07T20:33:47.4327470Z   fetch-tags: false
2026-10-07T20:33:47.4327960Z   show-progress: true
2026-10-07T20:33:47.4328442Z   lfs: false
2026-10-07T20:33:47.4328884Z   submodules: false
2026-10-07T20:33:47.4329363Z   set-safe-directory: true
2026-10-07T20:33:47.4329905Z   allow-unsafe-pr-checkout: false
2026-10-07T20:33:47.4330914Z ##[endgroup]
2026-10-07T20:33:47.5380563Z Syncing repository: FSD-CLI/cli
2026-10-07T20:33:47.5383068Z ##[group]Getting Git version info
2026-10-07T20:33:47.5384637Z Working directory is '/home/runner/work/cli/cli'
2026-10-07T20:33:47.5386174Z [command]/usr/bin/git version
2026-10-07T20:33:47.5461205Z git version 2.55.0
2026-10-07T20:33:47.5491359Z ##[endgroup]
2026-10-07T20:33:47.5505663Z Temporarily overriding HOME='/home/runner/work/_temp/50bea221-d49f-4553-b501-904fa19d023a' before making global git config changes
2026-10-07T20:33:47.5509259Z Adding repository directory to the temporary git global config as a safe directory
2026-10-07T20:33:47.5511955Z [command]/usr/bin/git config --global --add safe.directory /home/runner/work/cli/cli
2026-10-07T20:33:47.5569053Z Deleting the contents of '/home/runner/work/cli/cli'
2026-10-07T20:33:47.5574786Z ##[group]Initializing the repository
2026-10-07T20:33:47.5579988Z [command]/usr/bin/git init /home/runner/work/cli/cli
2026-10-07T20:33:47.5689279Z hint: Using 'master' as the name for the initial branch. This default branch name
2026-10-07T20:33:47.5693057Z hint: will change to "main" in Git 3.0. To configure the initial branch name
2026-10-07T20:33:47.5695329Z hint: to use in all of your new repositories, which will suppress this warning,
2026-10-07T20:33:47.5696790Z hint: call:
2026-10-07T20:33:47.5697592Z hint:
2026-10-07T20:33:47.5698592Z hint: 	git config --global init.defaultBranch <name>
2026-10-07T20:33:47.5699804Z hint:
2026-10-07T20:33:47.5700912Z hint: Names commonly chosen instead of 'master' are 'main', 'trunk' and
2026-10-07T20:33:47.5702638Z hint: 'development'. The just-created branch can be renamed via this command:
2026-10-07T20:33:47.5704358Z hint:
2026-10-07T20:33:47.5705614Z hint: 	git branch -m <name>
2026-10-07T20:33:47.5707001Z hint:
2026-10-07T20:33:47.5708797Z hint: Disable this message with "git config set advice.defaultBranchName false"
2026-10-07T20:33:47.5712063Z Initialized empty Git repository in /home/runner/work/cli/cli/.git/
2026-10-07T20:33:47.5722280Z [command]/usr/bin/git remote add origin https://github.com/FSD-CLI/cli
2026-10-07T20:33:47.5773093Z ##[endgroup]
2026-10-07T20:33:47.5775456Z ##[group]Disabling automatic garbage collection
2026-10-07T20:33:47.5777250Z [command]/usr/bin/git config --local gc.auto 0
2026-10-07T20:33:47.5809856Z ##[endgroup]
2026-10-07T20:33:47.5811528Z ##[group]Setting up auth
2026-10-07T20:33:47.5818204Z [command]/usr/bin/git config --local --name-only --get-regexp core\.sshCommand
2026-10-07T20:33:47.5852930Z [command]/usr/bin/git submodule foreach --recursive sh -c "git config --local --name-only --get-regexp 'core\.sshCommand' && git config --local --unset-all 'core.sshCommand' || :"
2026-10-07T20:33:47.6253718Z [command]/usr/bin/git config --local --name-only --get-regexp http\.https\:\/\/github\.com\/\.extraheader
2026-10-07T20:33:47.6294278Z [command]/usr/bin/git submodule foreach --recursive sh -c "git config --local --name-only --get-regexp 'http\.https\:\/\/github\.com\/\.extraheader' && git config --local --unset-all 'http.https://github.com/.extraheader' || :"
2026-10-07T20:33:47.6531872Z [command]/usr/bin/git config --local --name-only --get-regexp ^includeIf\.gitdir:
2026-10-07T20:33:47.6572111Z [command]/usr/bin/git submodule foreach --recursive git config --local --show-origin --name-only --get-regexp remote.origin.url
2026-10-07T20:33:47.6809243Z [command]/usr/bin/git config --local http.https://github.com/.extraheader AUTHORIZATION: basic ***
2026-10-07T20:33:47.6852219Z ##[endgroup]
2026-10-07T20:33:47.6853641Z ##[group]Fetching the repository
2026-10-07T20:33:47.6862705Z [command]/usr/bin/git -c protocol.version=2 fetch --no-tags --prune --no-recurse-submodules --depth=1 origin +fcde52a0b801a6d57b4d5914596dde72bf490ae9:refs/remotes/origin/main
2026-10-07T20:33:48.0087380Z From https://github.com/FSD-CLI/cli
2026-10-07T20:33:48.0089566Z  * [new ref]         fcde52a0b801a6d57b4d5914596dde72bf490ae9 -> origin/main
2026-10-07T20:33:48.0095988Z ##[endgroup]
2026-10-07T20:33:48.0098971Z ##[group]Determining the checkout info
2026-10-07T20:33:48.0101890Z ##[endgroup]
2026-10-07T20:33:48.0105132Z [command]/usr/bin/git sparse-checkout disable
2026-10-07T20:33:48.0161537Z [command]/usr/bin/git config --local --unset-all extensions.worktreeConfig
2026-10-07T20:33:48.0198185Z ##[group]Checking out the ref
2026-10-07T20:33:48.0212591Z [command]/usr/bin/git checkout --progress --force -B main refs/remotes/origin/main
2026-10-07T20:33:48.0485698Z Switched to a new branch 'main'
2026-10-07T20:33:48.0495139Z branch 'main' set up to track 'origin/main'.
2026-10-07T20:33:48.0501342Z ##[endgroup]
2026-10-07T20:33:48.0544743Z [command]/usr/bin/git log -1 --format=%H
2026-10-07T20:33:48.0574388Z fcde52a0b801a6d57b4d5914596dde72bf490ae9
2026-10-07T20:33:48.1047354Z ##[group]Run actions/setup-node@v4
2026-10-07T20:33:48.1048570Z with:
2026-10-07T20:33:48.1049380Z   node-version: 22
2026-10-07T20:33:48.1050292Z   always-auth: false
2026-10-07T20:33:48.1051230Z   check-latest: false
2026-10-07T20:33:48.1063148Z   token: ***
2026-10-07T20:33:48.1064428Z ##[endgroup]
2026-10-07T20:33:48.2531316Z Found in cache @ /opt/hostedtoolcache/node/22.23.3/x64
2026-10-07T20:33:48.2536137Z (node:2303) [DEP0040] DeprecationWarning: The `punycode` module is deprecated. Please use a userland alternative instead.
2026-10-07T20:33:48.2540918Z (Use `node --trace-deprecation ...` to show where the warning was created)
2026-10-07T20:33:48.2545171Z ##[group]Environment details
2026-10-07T20:33:48.6705296Z node: v22.23.3
2026-10-07T20:33:48.6707063Z npm: 10.9.9
2026-10-07T20:33:48.6708517Z yarn: 1.22.22
2026-10-07T20:33:48.6712030Z ##[endgroup]
2026-10-07T20:33:48.6966190Z ##[group]Run npm install --global @yarnpkg/cli-dist@4.18.0
2026-10-07T20:33:48.6968048Z [36;1mnpm install --global @yarnpkg/cli-dist@4.18.0[0m
2026-10-07T20:33:48.6969492Z [36;1myarn --version[0m
2026-10-07T20:33:48.7261725Z shell: /usr/bin/bash -e {0}
2026-10-07T20:33:48.7263214Z ##[endgroup]
2026-10-07T20:33:49.6709075Z 
2026-10-07T20:33:49.6715528Z added 1 package in 880ms
2026-10-07T20:33:49.9709274Z 4.18.0
2026-10-07T20:33:49.9871043Z ##[group]Run npm ci
2026-10-07T20:33:49.9871557Z [36;1mnpm ci[0m
2026-10-07T20:33:49.9939268Z shell: /usr/bin/bash -e {0}
2026-10-07T20:33:49.9939892Z ##[endgroup]
2026-10-07T20:33:50.5320504Z 
2026-10-07T20:33:50.5321350Z added 20 packages, and audited 21 packages in 477ms
2026-10-07T20:33:50.5322166Z 
2026-10-07T20:33:50.5324963Z 17 packages are looking for funding
2026-10-07T20:33:50.5325720Z   run `npm fund` for details
2026-10-07T20:33:50.5335276Z 
2026-10-07T20:33:50.5335675Z found 0 vulnerabilities
2026-10-07T20:33:50.5507347Z ##[group]Run node bin/index.mjs e2e-app --framework react-vite --package-manager yarn --yes --no-start
2026-10-07T20:33:50.5508454Z [36;1mnode bin/index.mjs e2e-app --framework react-vite --package-manager yarn --yes --no-start[0m
2026-10-07T20:33:50.5577395Z shell: /usr/bin/bash -e {0}
2026-10-07T20:33:50.5577866Z ##[endgroup]
2026-10-07T20:33:50.6801623Z 
2026-10-07T20:33:50.6803449Z ┌─────────────────────────────────────────────────────────────────────────────┐
2026-10-07T20:33:50.6805064Z │                                                                             │
2026-10-07T20:33:50.6806261Z │    ███████╗███████╗██████╗                                                  │
2026-10-07T20:33:50.6807603Z │    ██╔════╝██╔════╝██╔══██╗                                                 │
2026-10-07T20:33:50.6808843Z │    █████╗  ███████╗██║  ██║                                                 │
2026-10-07T20:33:50.6810156Z │    ██╔══╝  ╚════██║██║  ██║                                                 │
2026-10-07T20:33:50.6811397Z │    ██║     ███████║██████╔╝                                                 │
2026-10-07T20:33:50.6812626Z │    ╚═╝     ╚══════╝╚═════╝                                                  │
2026-10-07T20:33:50.6813827Z │                                                                             │
2026-10-07T20:33:50.6815384Z │           ◢◤◢◤◢◤  FEATURE-SLICED DESIGN ARCHITECTURE  ◢◤◢◤◢◤                │
2026-10-07T20:33:50.6816643Z │                                                                             │
2026-10-07T20:33:50.6817878Z │   app → pages → widgets → features → entities → shared                     │
2026-10-07T20:33:50.6819057Z │                                                                             │
2026-10-07T20:33:50.6820308Z │   Scalable • Maintainable • Enterprise Frontend Architecture                │
2026-10-07T20:33:50.6821593Z │                                                                             │
2026-10-07T20:33:50.6822894Z └─────────────────────────────────────────────────────────────────────────────┘
2026-10-07T20:33:50.6823770Z - Downloading template...
2026-10-07T20:33:50.6824418Z 
2026-10-07T20:33:50.8688883Z [32m✔[39m Template downloaded at verified immutable commit.
2026-10-07T20:33:50.8690472Z - Configuring FSD stack, Git, and Husky...
2026-10-07T20:33:50.8872898Z [32m✔[39m FSD stack, Git, and Husky configured.
2026-10-07T20:33:50.8874665Z - Installing dependencies...
2026-10-07T20:34:02.9037298Z [32m✔[39m Dependencies installed.
2026-10-07T20:34:02.9038037Z - Verifying Commitlint...
2026-10-07T20:34:03.6394444Z [32m✔[39m Commitlint rejected invalid message "test".
2026-10-07T20:34:03.6395495Z 
2026-10-07T20:34:03.6396100Z   Project created successfully!
2026-10-07T20:34:03.6396763Z 
2026-10-07T20:34:03.6397111Z   Next steps:
2026-10-07T20:34:03.6397479Z 
2026-10-07T20:34:03.6397890Z     $ cd e2e-app
2026-10-07T20:34:03.6399441Z     $ yarn dev
2026-10-07T20:34:03.6399854Z 
2026-10-07T20:34:03.6505269Z ##[group]Run build_project() {
2026-10-07T20:34:03.6505683Z [36;1mbuild_project() {[0m
2026-10-07T20:34:03.6506003Z [36;1m  case "yarn" in[0m
2026-10-07T20:34:03.6506319Z [36;1m    npm) npm run build ;;[0m
2026-10-07T20:34:03.6506675Z [36;1m    pnpm) pnpm build ;;[0m
2026-10-07T20:34:03.6507007Z [36;1m    yarn) yarn build ;;[0m
2026-10-07T20:34:03.6507336Z [36;1m    bun) bun run build ;;[0m
2026-10-07T20:34:03.6507662Z [36;1m  esac[0m
2026-10-07T20:34:03.6507935Z [36;1m}[0m
2026-10-07T20:34:03.6508167Z [36;1m[0m
2026-10-07T20:34:03.6508398Z [36;1mset +e[0m
2026-10-07T20:34:03.6508712Z [36;1mbuild_project 2>&1 | tee build-output.log[0m
2026-10-07T20:34:03.6509137Z [36;1mbuild_exit_code=${PIPESTATUS[0]}[0m
2026-10-07T20:34:03.6509501Z [36;1mset -e[0m
2026-10-07T20:34:03.6509752Z [36;1m[0m
2026-10-07T20:34:03.6510026Z [36;1mif [ "$build_exit_code" -ne 0 ]; then[0m
2026-10-07T20:34:03.6510540Z [36;1m  BUILD_LOG_PATH="$PWD/build-output.log" python3 - <<'PY'[0m
2026-10-07T20:34:03.6510997Z [36;1mimport os[0m
2026-10-07T20:34:03.6511285Z [36;1mfrom pathlib import Path[0m
2026-10-07T20:34:03.6511605Z [36;1m[0m
2026-10-07T20:34:03.6512047Z [36;1moutput = Path(os.environ["BUILD_LOG_PATH"]).read_text(errors="replace")[-12000:][0m
2026-10-07T20:34:03.6512787Z [36;1mescaped = output.replace("%", "%25").replace("\r", "%0D").replace("\n", "%0A")[0m
2026-10-07T20:34:03.6513456Z [36;1mprint(f"::error title=Package-manager build failed::{escaped}")[0m
2026-10-07T20:34:03.6513946Z [36;1mPY[0m
2026-10-07T20:34:03.6514504Z [36;1mfi[0m
2026-10-07T20:34:03.6514799Z [36;1m[0m
2026-10-07T20:34:03.6515048Z [36;1mexit "$build_exit_code"[0m
2026-10-07T20:34:03.6581372Z shell: /usr/bin/bash --noprofile --norc -e -o pipefail {0}
2026-10-07T20:34:03.6581876Z ##[endgroup]
2026-10-07T20:34:06.2211070Z [36mvite v8.3.3 [32mbuilding client environment for production...[36m[39m
2026-10-07T20:34:06.2311166Z transforming...
2026-10-07T20:34:06.3691190Z ✓ 88 modules transformed.
2026-10-07T20:34:06.3965425Z rendering chunks...
2026-10-07T20:34:06.4575588Z computing gzip size...
2026-10-07T20:34:06.4620153Z dist/index.html                   0.47 kB │ gzip:   0.30 kB
2026-10-07T20:34:06.4620829Z dist/assets/index-8JAHgINJ.css   17.17 kB │ gzip:   4.08 kB
2026-10-07T20:34:06.4621678Z dist/assets/index-Dm1BMncc.js   344.98 kB │ gzip: 108.24 kB
2026-10-07T20:34:06.4621994Z 
2026-10-07T20:34:06.4651034Z [32m✓ built in 242ms[39m
2026-10-07T20:34:06.5146120Z Post job cleanup.
2026-10-07T20:34:06.6430863Z (node:2486) [DEP0040] DeprecationWarning: The `punycode` module is deprecated. Please use a userland alternative instead.
2026-10-07T20:34:06.6432179Z (Use `node --trace-deprecation ...` to show where the warning was created)
2026-10-07T20:34:06.6599864Z Post job cleanup.
2026-10-07T20:34:06.7524041Z [command]/usr/bin/git version
2026-10-07T20:34:06.7571078Z git version 2.55.0
2026-10-07T20:34:06.7616016Z Temporarily overriding HOME='/home/runner/work/_temp/8798dad2-950e-4f73-9abd-6cf112ab60ec' before making global git config changes
2026-10-07T20:34:06.7618544Z Adding repository directory to the temporary git global config as a safe directory
2026-10-07T20:34:06.7621686Z [command]/usr/bin/git config --global --add safe.directory /home/runner/work/cli/cli
2026-10-07T20:34:06.7663087Z [command]/usr/bin/git config --local --name-only --get-regexp core\.sshCommand
2026-10-07T20:34:06.7701982Z [command]/usr/bin/git submodule foreach --recursive sh -c "git config --local --name-only --get-regexp 'core\.sshCommand' && git config --local --unset-all 'core.sshCommand' || :"
2026-10-07T20:34:06.7954022Z [command]/usr/bin/git config --local --name-only --get-regexp http\.https\:\/\/github\.com\/\.extraheader
2026-10-07T20:34:06.7985530Z http.https://github.com/.extraheader
2026-10-07T20:34:06.7998004Z [command]/usr/bin/git config --local --unset-all http.https://github.com/.extraheader
2026-10-07T20:34:06.8037174Z [command]/usr/bin/git submodule foreach --recursive sh -c "git config --local --name-only --get-regexp 'http\.https\:\/\/github\.com\/\.extraheader' && git config --local --unset-all 'http.https://github.com/.extraheader' || :"
2026-10-07T20:34:06.8387081Z [command]/usr/bin/git config --local --name-only --get-regexp ^includeIf\.gitdir:
2026-10-07T20:34:06.8442321Z [command]/usr/bin/git submodule foreach --recursive git config --local --show-origin --name-only --get-regexp remote.origin.url
2026-10-07T20:34:06.8989514Z Cleaning up orphan processes
2026-10-07T20:34:06.9321623Z ##[warning]Node.js 20 is deprecated. The following actions target Node.js 20 but are being forced to run on Node.js 24: actions/checkout@v4, actions/setup-node@v4. For more information see: https://github.blog/changelog/2025-09-19-deprecation-of-node-20-on-github-actions-runners/

