2026-10-07T20:33:46.7128390Z Current runner version: '2.337.0'
2026-10-07T20:33:46.7163933Z ##[group]Runner Image Provisioner
2026-10-07T20:33:46.7165911Z Hosted Compute Agent
2026-10-07T20:33:46.7167013Z Version: 20260901.588
2026-10-07T20:33:46.7168308Z Commit: f88ec8081b781fac6c440065ac7ff9e710ce3d0b
2026-10-07T20:33:46.7169681Z Build Date: 2026-09-01T19:56:44Z
2026-10-07T20:33:46.7171003Z Worker ID: {cc943119-f152-4df3-8a81-61b0dd4da3fa}
2026-10-07T20:33:46.7172462Z Azure Region: eastus
2026-10-07T20:33:46.7173521Z ##[endgroup]
2026-10-07T20:33:46.7176124Z ##[group]Operating System
2026-10-07T20:33:46.7177353Z Ubuntu
2026-10-07T20:33:46.7178248Z 24.04.5
2026-10-07T20:33:46.7179222Z LTS
2026-10-07T20:33:46.7180213Z ##[endgroup]
2026-10-07T20:33:46.7181213Z ##[group]Runner Image
2026-10-07T20:33:46.7182499Z Image: ubuntu-24.04
2026-10-07T20:33:46.7183632Z Version: 20260927.320.1
2026-10-07T20:33:46.7186353Z Included Software: https://github.com/actions/runner-images/blob/ubuntu24/20260927.320/images/ubuntu/Ubuntu2404-Readme.md
2026-10-07T20:33:46.7189223Z Image Release: https://github.com/actions/runner-images/releases/tag/ubuntu24%2F20260927.320
2026-10-07T20:33:46.7190935Z ##[endgroup]
2026-10-07T20:33:46.7192781Z ##[group]GITHUB_TOKEN Permissions
2026-10-07T20:33:46.7196192Z Contents: read
2026-10-07T20:33:46.7197178Z Metadata: read
2026-10-07T20:33:46.7198416Z ##[endgroup]
2026-10-07T20:33:46.7201283Z Secret source: Actions
2026-10-07T20:33:46.7202908Z Cache mode: write
2026-10-07T20:33:46.7204331Z Prepare workflow directory
2026-10-07T20:33:46.7671912Z Prepare all required actions
2026-10-07T20:33:46.7742100Z Getting action download info
2026-10-07T20:33:47.0171802Z Download action repository 'actions/checkout@v4' (SHA:11d5960a326750d5838078e36cf38b85af677262)
2026-10-07T20:33:47.1114366Z Download action repository 'actions/setup-node@v4' (SHA:49933ea5288caeca8642d1e84afbd3f7d6820020)
2026-10-07T20:33:47.1987814Z Download action repository 'pnpm/action-setup@v4' (SHA:b906affcce14559ad1aafd4ab0e942779e9f58b1)
2026-10-07T20:33:47.3865922Z Download action repository 'oven-sh/setup-bun@v2' (SHA:0c5077e51419868618aeaa5fe8019c62421857d6)
2026-10-07T20:33:47.6183441Z Complete job name: React / pnpm
2026-10-07T20:33:47.6997995Z ##[group]Run actions/checkout@v4
2026-10-07T20:33:47.6998843Z with:
2026-10-07T20:33:47.6999276Z   repository: FSD-CLI/cli
2026-10-07T20:33:47.7003248Z   token: ***
2026-10-07T20:33:47.7003669Z   ssh-strict: true
2026-10-07T20:33:47.7004103Z   ssh-user: git
2026-10-07T20:33:47.7004543Z   persist-credentials: true
2026-10-07T20:33:47.7005372Z   clean: true
2026-10-07T20:33:47.7005811Z   sparse-checkout-cone-mode: true
2026-10-07T20:33:47.7006337Z   fetch-depth: 1
2026-10-07T20:33:47.7006761Z   fetch-tags: false
2026-10-07T20:33:47.7007194Z   show-progress: true
2026-10-07T20:33:47.7007640Z   lfs: false
2026-10-07T20:33:47.7008036Z   submodules: false
2026-10-07T20:33:47.7008475Z   set-safe-directory: true
2026-10-07T20:33:47.7008970Z   allow-unsafe-pr-checkout: false
2026-10-07T20:33:47.7009908Z ##[endgroup]
2026-10-07T20:33:47.8088047Z Syncing repository: FSD-CLI/cli
2026-10-07T20:33:47.8091038Z ##[group]Getting Git version info
2026-10-07T20:33:47.8096131Z Working directory is '/home/runner/work/cli/cli'
2026-10-07T20:33:47.8098516Z [command]/usr/bin/git version
2026-10-07T20:33:47.8203817Z git version 2.55.0
2026-10-07T20:33:47.8229123Z ##[endgroup]
2026-10-07T20:33:47.8247493Z Temporarily overriding HOME='/home/runner/work/_temp/59fa4bde-b018-4dbf-a87a-4016a479ed14' before making global git config changes
2026-10-07T20:33:47.8249461Z Adding repository directory to the temporary git global config as a safe directory
2026-10-07T20:33:47.8253722Z [command]/usr/bin/git config --global --add safe.directory /home/runner/work/cli/cli
2026-10-07T20:33:47.8305169Z Deleting the contents of '/home/runner/work/cli/cli'
2026-10-07T20:33:47.8310758Z ##[group]Initializing the repository
2026-10-07T20:33:47.8315234Z [command]/usr/bin/git init /home/runner/work/cli/cli
2026-10-07T20:33:47.8429705Z hint: Using 'master' as the name for the initial branch. This default branch name
2026-10-07T20:33:47.8432125Z hint: will change to "main" in Git 3.0. To configure the initial branch name
2026-10-07T20:33:47.8434309Z hint: to use in all of your new repositories, which will suppress this warning,
2026-10-07T20:33:47.8436836Z hint: call:
2026-10-07T20:33:47.8438221Z hint:
2026-10-07T20:33:47.8439562Z hint: 	git config --global init.defaultBranch <name>
2026-10-07T20:33:47.8440944Z hint:
2026-10-07T20:33:47.8442163Z hint: Names commonly chosen instead of 'master' are 'main', 'trunk' and
2026-10-07T20:33:47.8444206Z hint: 'development'. The just-created branch can be renamed via this command:
2026-10-07T20:33:47.8446135Z hint:
2026-10-07T20:33:47.8447100Z hint: 	git branch -m <name>
2026-10-07T20:33:47.8448382Z hint:
2026-10-07T20:33:47.8449680Z hint: Disable this message with "git config set advice.defaultBranchName false"
2026-10-07T20:33:47.8451621Z Initialized empty Git repository in /home/runner/work/cli/cli/.git/
2026-10-07T20:33:47.8454485Z [command]/usr/bin/git remote add origin https://github.com/FSD-CLI/cli
2026-10-07T20:33:47.8502725Z ##[endgroup]
2026-10-07T20:33:47.8505001Z ##[group]Disabling automatic garbage collection
2026-10-07T20:33:47.8507037Z [command]/usr/bin/git config --local gc.auto 0
2026-10-07T20:33:47.8543968Z ##[endgroup]
2026-10-07T20:33:47.8546486Z ##[group]Setting up auth
2026-10-07T20:33:47.8551547Z [command]/usr/bin/git config --local --name-only --get-regexp core\.sshCommand
2026-10-07T20:33:47.8591054Z [command]/usr/bin/git submodule foreach --recursive sh -c "git config --local --name-only --get-regexp 'core\.sshCommand' && git config --local --unset-all 'core.sshCommand' || :"
2026-10-07T20:33:47.8962859Z [command]/usr/bin/git config --local --name-only --get-regexp http\.https\:\/\/github\.com\/\.extraheader
2026-10-07T20:33:47.9026513Z [command]/usr/bin/git submodule foreach --recursive sh -c "git config --local --name-only --get-regexp 'http\.https\:\/\/github\.com\/\.extraheader' && git config --local --unset-all 'http.https://github.com/.extraheader' || :"
2026-10-07T20:33:47.9249680Z [command]/usr/bin/git config --local --name-only --get-regexp ^includeIf\.gitdir:
2026-10-07T20:33:47.9289676Z [command]/usr/bin/git submodule foreach --recursive git config --local --show-origin --name-only --get-regexp remote.origin.url
2026-10-07T20:33:47.9517679Z [command]/usr/bin/git config --local http.https://github.com/.extraheader AUTHORIZATION: basic ***
2026-10-07T20:33:47.9559369Z ##[endgroup]
2026-10-07T20:33:47.9560422Z ##[group]Fetching the repository
2026-10-07T20:33:47.9569558Z [command]/usr/bin/git -c protocol.version=2 fetch --no-tags --prune --no-recurse-submodules --depth=1 origin +fcde52a0b801a6d57b4d5914596dde72bf490ae9:refs/remotes/origin/main
2026-10-07T20:33:48.1946078Z From https://github.com/FSD-CLI/cli
2026-10-07T20:33:48.1948180Z  * [new ref]         fcde52a0b801a6d57b4d5914596dde72bf490ae9 -> origin/main
2026-10-07T20:33:48.1953118Z ##[endgroup]
2026-10-07T20:33:48.1955405Z ##[group]Determining the checkout info
2026-10-07T20:33:48.1957408Z ##[endgroup]
2026-10-07T20:33:48.1963519Z [command]/usr/bin/git sparse-checkout disable
2026-10-07T20:33:48.2025615Z [command]/usr/bin/git config --local --unset-all extensions.worktreeConfig
2026-10-07T20:33:48.2063444Z ##[group]Checking out the ref
2026-10-07T20:33:48.2068575Z [command]/usr/bin/git checkout --progress --force -B main refs/remotes/origin/main
2026-10-07T20:33:48.2328933Z Switched to a new branch 'main'
2026-10-07T20:33:48.2333985Z branch 'main' set up to track 'origin/main'.
2026-10-07T20:33:48.2341566Z ##[endgroup]
2026-10-07T20:33:48.2385561Z [command]/usr/bin/git log -1 --format=%H
2026-10-07T20:33:48.2412080Z fcde52a0b801a6d57b4d5914596dde72bf490ae9
2026-10-07T20:33:48.2836005Z ##[group]Run actions/setup-node@v4
2026-10-07T20:33:48.2836798Z with:
2026-10-07T20:33:48.2837264Z   node-version: 22
2026-10-07T20:33:48.2837817Z   always-auth: false
2026-10-07T20:33:48.2838373Z   check-latest: false
2026-10-07T20:33:48.2848713Z   token: ***
2026-10-07T20:33:48.2849480Z ##[endgroup]
2026-10-07T20:33:48.4263995Z Found in cache @ /opt/hostedtoolcache/node/22.23.3/x64
2026-10-07T20:33:48.4268276Z (node:2308) [DEP0040] DeprecationWarning: The `punycode` module is deprecated. Please use a userland alternative instead.
2026-10-07T20:33:48.4270575Z (Use `node --trace-deprecation ...` to show where the warning was created)
2026-10-07T20:33:48.4272523Z ##[group]Environment details
2026-10-07T20:33:48.8046902Z node: v22.23.3
2026-10-07T20:33:48.8048276Z npm: 10.9.9
2026-10-07T20:33:48.8049518Z yarn: 1.22.22
2026-10-07T20:33:48.8051570Z ##[endgroup]
2026-10-07T20:33:48.8307329Z ##[group]Run pnpm/action-setup@v4
2026-10-07T20:33:48.8308386Z with:
2026-10-07T20:33:48.8309253Z   version: 10
2026-10-07T20:33:48.8310139Z   dest: ~/setup-pnpm
2026-10-07T20:33:48.8311046Z   run_install: null
2026-10-07T20:33:48.8311934Z   cache: false
2026-10-07T20:33:48.8312863Z   cache_dependency_path: pnpm-lock.yaml
2026-10-07T20:33:48.8313894Z   package_json_file: package.json
2026-10-07T20:33:48.8315059Z   standalone: false
2026-10-07T20:33:48.8315974Z ##[endgroup]
2026-10-07T20:33:48.9813768Z ##[group]Running self-installer...
2026-10-07T20:33:49.3958353Z (node:2351) [DEP0169] DeprecationWarning: `url.parse()` behavior is not standardized and prone to errors that have security implications. Use the WHATWG URL API instead. CVEs are not issued for `url.parse()` vulnerabilities.
2026-10-07T20:33:49.3959775Z (Use `node --trace-deprecation ...` to show where the warning was created)
2026-10-07T20:33:49.5477722Z Progress: resolved 1, reused 0, downloaded 0, added 0
2026-10-07T20:33:49.5579803Z Packages: +1
2026-10-07T20:33:49.5580494Z +
2026-10-07T20:33:50.0140655Z Progress: resolved 1, reused 0, downloaded 1, added 1, done
2026-10-07T20:33:50.0400836Z 
2026-10-07T20:33:50.0401406Z dependencies:
2026-10-07T20:33:50.0404412Z + pnpm 10.34.6 (12.10.1 is available)
2026-10-07T20:33:50.0405776Z 
2026-10-07T20:33:50.0435137Z Done in 889ms
2026-10-07T20:33:50.0611421Z ##[endgroup]
2026-10-07T20:33:50.0612357Z Installation Completed!
2026-10-07T20:33:50.0755449Z ##[group]Run npm ci
2026-10-07T20:33:50.0755826Z [36;1mnpm ci[0m
2026-10-07T20:33:50.1029086Z shell: /usr/bin/bash -e {0}
2026-10-07T20:33:50.1029406Z env:
2026-10-07T20:33:50.1029714Z   PNPM_HOME: /home/runner/setup-pnpm/node_modules/.bin
2026-10-07T20:33:50.1030098Z ##[endgroup]
2026-10-07T20:33:50.9642242Z 
2026-10-07T20:33:50.9643491Z added 20 packages, and audited 21 packages in 802ms
2026-10-07T20:33:50.9643942Z 
2026-10-07T20:33:50.9644177Z 17 packages are looking for funding
2026-10-07T20:33:50.9644571Z   run `npm fund` for details
2026-10-07T20:33:50.9653012Z 
2026-10-07T20:33:50.9653450Z found 0 vulnerabilities
2026-10-07T20:33:51.0111974Z ##[group]Run node bin/index.mjs e2e-app --framework react-vite --package-manager pnpm --yes --no-start
2026-10-07T20:33:51.0112774Z [36;1mnode bin/index.mjs e2e-app --framework react-vite --package-manager pnpm --yes --no-start[0m
2026-10-07T20:33:51.0177221Z shell: /usr/bin/bash -e {0}
2026-10-07T20:33:51.0177499Z env:
2026-10-07T20:33:51.0177761Z   PNPM_HOME: /home/runner/setup-pnpm/node_modules/.bin
2026-10-07T20:33:51.0178083Z ##[endgroup]
2026-10-07T20:33:51.1338902Z 
2026-10-07T20:33:51.1340226Z ┌─────────────────────────────────────────────────────────────────────────────┐
2026-10-07T20:33:51.1341339Z │                                                                             │
2026-10-07T20:33:51.1342399Z │    ███████╗███████╗██████╗                                                  │
2026-10-07T20:33:51.1343438Z │    ██╔════╝██╔════╝██╔══██╗                                                 │
2026-10-07T20:33:51.1344525Z │    █████╗  ███████╗██║  ██║                                                 │
2026-10-07T20:33:51.1345874Z │    ██╔══╝  ╚════██║██║  ██║                                                 │
2026-10-07T20:33:51.1346937Z │    ██║     ███████║██████╔╝                                                 │
2026-10-07T20:33:51.1347749Z │    ╚═╝     ╚══════╝╚═════╝                                                  │
2026-10-07T20:33:51.1348946Z │                                                                             │
2026-10-07T20:33:51.1349661Z │           ◢◤◢◤◢◤  FEATURE-SLICED DESIGN ARCHITECTURE  ◢◤◢◤◢◤                │
2026-10-07T20:33:51.1350328Z │                                                                             │
2026-10-07T20:33:51.1351025Z │   app → pages → widgets → features → entities → shared                     │
2026-10-07T20:33:51.1351745Z │                                                                             │
2026-10-07T20:33:51.1352451Z │   Scalable • Maintainable • Enterprise Frontend Architecture                │
2026-10-07T20:33:51.1353167Z │                                                                             │
2026-10-07T20:33:51.1353844Z └─────────────────────────────────────────────────────────────────────────────┘
2026-10-07T20:33:51.1354179Z 
2026-10-07T20:33:51.1354625Z - Downloading template...
2026-10-07T20:33:51.3140998Z [32m✔[39m Template downloaded at verified immutable commit.
2026-10-07T20:33:51.3141636Z - Configuring FSD stack, Git, and Husky...
2026-10-07T20:33:51.3316133Z [32m✔[39m FSD stack, Git, and Husky configured.
2026-10-07T20:33:51.3316828Z - Installing dependencies...
2026-10-07T20:33:57.6577689Z [32m✔[39m Dependencies installed.
2026-10-07T20:33:57.6578335Z - Verifying Commitlint...
2026-10-07T20:33:58.3410192Z [32m✔[39m Commitlint rejected invalid message "test".
2026-10-07T20:33:58.3410760Z 
2026-10-07T20:33:58.3411019Z   Project created successfully!
2026-10-07T20:33:58.3412668Z 
2026-10-07T20:33:58.3412923Z   Next steps:
2026-10-07T20:33:58.3413196Z 
2026-10-07T20:33:58.3413731Z     $ cd e2e-app
2026-10-07T20:33:58.3415496Z     $ pnpm dev
2026-10-07T20:33:58.3415836Z 
2026-10-07T20:33:58.3520138Z ##[group]Run build_project() {
2026-10-07T20:33:58.3520478Z [36;1mbuild_project() {[0m
2026-10-07T20:33:58.3520720Z [36;1m  case "pnpm" in[0m
2026-10-07T20:33:58.3520977Z [36;1m    npm) npm run build ;;[0m
2026-10-07T20:33:58.3521270Z [36;1m    pnpm) pnpm build ;;[0m
2026-10-07T20:33:58.3521530Z [36;1m    yarn) yarn build ;;[0m
2026-10-07T20:33:58.3521780Z [36;1m    bun) bun run build ;;[0m
2026-10-07T20:33:58.3522020Z [36;1m  esac[0m
2026-10-07T20:33:58.3522220Z [36;1m}[0m
2026-10-07T20:33:58.3522401Z [36;1m[0m
2026-10-07T20:33:58.3522576Z [36;1mset +e[0m
2026-10-07T20:33:58.3522814Z [36;1mbuild_project 2>&1 | tee build-output.log[0m
2026-10-07T20:33:58.3523135Z [36;1mbuild_exit_code=${PIPESTATUS[0]}[0m
2026-10-07T20:33:58.3523412Z [36;1mset -e[0m
2026-10-07T20:33:58.3523600Z [36;1m[0m
2026-10-07T20:33:58.3523807Z [36;1mif [ "$build_exit_code" -ne 0 ]; then[0m
2026-10-07T20:33:58.3524199Z [36;1m  BUILD_LOG_PATH="$PWD/build-output.log" python3 - <<'PY'[0m
2026-10-07T20:33:58.3524543Z [36;1mimport os[0m
2026-10-07T20:33:58.3525179Z [36;1mfrom pathlib import Path[0m
2026-10-07T20:33:58.3525473Z [36;1m[0m
2026-10-07T20:33:58.3525807Z [36;1moutput = Path(os.environ["BUILD_LOG_PATH"]).read_text(errors="replace")[-12000:][0m
2026-10-07T20:33:58.3526363Z [36;1mescaped = output.replace("%", "%25").replace("\r", "%0D").replace("\n", "%0A")[0m
2026-10-07T20:33:58.3526865Z [36;1mprint(f"::error title=Package-manager build failed::{escaped}")[0m
2026-10-07T20:33:58.3527224Z [36;1mPY[0m
2026-10-07T20:33:58.3527407Z [36;1mfi[0m
2026-10-07T20:33:58.3527585Z [36;1m[0m
2026-10-07T20:33:58.3527775Z [36;1mexit "$build_exit_code"[0m
2026-10-07T20:33:58.3592062Z shell: /usr/bin/bash --noprofile --norc -e -o pipefail {0}
2026-10-07T20:33:58.3592401Z env:
2026-10-07T20:33:58.3592657Z   PNPM_HOME: /home/runner/setup-pnpm/node_modules/.bin
2026-10-07T20:33:58.3592974Z ##[endgroup]
2026-10-07T20:33:58.6722868Z 
2026-10-07T20:33:58.6723986Z > fsd-architecture-starter@0.0.0 build /home/runner/work/cli/cli/e2e-app
2026-10-07T20:33:58.6725432Z > tsc -b && vite build
2026-10-07T20:33:58.6725701Z 
2026-10-07T20:34:00.7268259Z [36mvite v8.3.3 [32mbuilding client environment for production...[36m[39m
2026-10-07T20:34:00.7429960Z transforming...
2026-10-07T20:34:00.8632960Z ✓ 88 modules transformed.
2026-10-07T20:34:00.8928709Z rendering chunks...
2026-10-07T20:34:00.9460914Z computing gzip size...
2026-10-07T20:34:00.9517317Z dist/index.html                   0.47 kB │ gzip:   0.30 kB
2026-10-07T20:34:00.9517895Z dist/assets/index-8JAHgINJ.css   17.17 kB │ gzip:   4.08 kB
2026-10-07T20:34:00.9518424Z dist/assets/index-Ca1mWS0n.js   344.85 kB │ gzip: 108.25 kB
2026-10-07T20:34:00.9518668Z 
2026-10-07T20:34:00.9543692Z [32m✓ built in 226ms[39m
2026-10-07T20:34:00.9950543Z Post job cleanup.
2026-10-07T20:34:01.1384121Z Pruning is unnecessary.
2026-10-07T20:34:01.1569170Z Post job cleanup.
2026-10-07T20:34:01.2855640Z (node:2555) [DEP0040] DeprecationWarning: The `punycode` module is deprecated. Please use a userland alternative instead.
2026-10-07T20:34:01.2856885Z (Use `node --trace-deprecation ...` to show where the warning was created)
2026-10-07T20:34:01.3088536Z Post job cleanup.
2026-10-07T20:34:01.4162835Z [command]/usr/bin/git version
2026-10-07T20:34:01.4208348Z git version 2.55.0
2026-10-07T20:34:01.4252948Z Temporarily overriding HOME='/home/runner/work/_temp/43967fce-6323-4919-902e-4ef6b554df2b' before making global git config changes
2026-10-07T20:34:01.4254439Z Adding repository directory to the temporary git global config as a safe directory
2026-10-07T20:34:01.4258799Z [command]/usr/bin/git config --global --add safe.directory /home/runner/work/cli/cli
2026-10-07T20:34:01.4300160Z [command]/usr/bin/git config --local --name-only --get-regexp core\.sshCommand
2026-10-07T20:34:01.4336406Z [command]/usr/bin/git submodule foreach --recursive sh -c "git config --local --name-only --get-regexp 'core\.sshCommand' && git config --local --unset-all 'core.sshCommand' || :"
2026-10-07T20:34:01.4596230Z [command]/usr/bin/git config --local --name-only --get-regexp http\.https\:\/\/github\.com\/\.extraheader
2026-10-07T20:34:01.4625764Z http.https://github.com/.extraheader
2026-10-07T20:34:01.4637990Z [command]/usr/bin/git config --local --unset-all http.https://github.com/.extraheader
2026-10-07T20:34:01.4673407Z [command]/usr/bin/git submodule foreach --recursive sh -c "git config --local --name-only --get-regexp 'http\.https\:\/\/github\.com\/\.extraheader' && git config --local --unset-all 'http.https://github.com/.extraheader' || :"
2026-10-07T20:34:01.4942653Z [command]/usr/bin/git config --local --name-only --get-regexp ^includeIf\.gitdir:
2026-10-07T20:34:01.4984033Z [command]/usr/bin/git submodule foreach --recursive git config --local --show-origin --name-only --get-regexp remote.origin.url
2026-10-07T20:34:01.5387428Z Cleaning up orphan processes
2026-10-07T20:34:01.5665480Z ##[warning]Node.js 20 is deprecated. The following actions target Node.js 20 but are being forced to run on Node.js 24: actions/checkout@v4, actions/setup-node@v4, pnpm/action-setup@v4. For more information see: https://github.blog/changelog/2025-09-19-deprecation-of-node-20-on-github-actions-runners/

